[{"stream_name":"stderr","time":7.044757994,"data":"0.00s - Debugger warning: It seems that frozen modules are being used, which may\n"}
,{"stream_name":"stderr","time":7.045480435,"data":"0.00s - make the debugger miss breakpoints. Please pass -Xfrozen_modules=off\n"}
,{"stream_name":"stderr","time":7.045485138,"data":"0.00s - to python to disable frozen modules.\n"}
,{"stream_name":"stderr","time":7.045487751,"data":"0.00s - Note: Debugging will proceed. Set PYDEVD_DISABLE_FILE_VALIDATION=1 to disable this validation.\n"}
,{"stream_name":"stderr","time":7.64257955,"data":"0.00s - Debugger warning: It seems that frozen modules are being used, which may\n"}
,{"stream_name":"stderr","time":7.64262151,"data":"0.00s - make the debugger miss breakpoints. Please pass -Xfrozen_modules=off\n"}
,{"stream_name":"stderr","time":7.642627602,"data":"0.00s - to python to disable frozen modules.\n"}
,{"stream_name":"stderr","time":7.642631621,"data":"0.00s - Note: Debugging will proceed. Set PYDEVD_DISABLE_FILE_VALIDATION=1 to disable this validation.\n"}
,{"stream_name":"stderr","time":9.180348195,"data":"Traceback (most recent call last):\n"}
,{"stream_name":"stderr","time":9.180379987,"data":"  File \"\u003cstring\u003e\", line 1, in \u003cmodule\u003e\n"}
,{"stream_name":"stderr","time":9.180387211,"data":"  File \"/usr/local/lib/python3.12/dist-packages/papermill/execute.py\", line 131, in execute_notebook\n"}
,{"stream_name":"stderr","time":9.180507802,"data":"    raise_for_execution_errors(nb, output_path)\n"}
,{"stream_name":"stderr","time":9.180600802,"data":"  File \"/usr/local/lib/python3.12/dist-packages/papermill/execute.py\", line 251, in raise_for_execution_errors\n"}
,{"stream_name":"stderr","time":9.180745936,"data":"    raise error\n"}
,{"stream_name":"stderr","time":9.180785052,"data":"papermill.exceptions.PapermillExecutionError: \n"}
,{"stream_name":"stderr","time":9.180792264,"data":"---------------------------------------------------------------------------\n"}
,{"stream_name":"stderr","time":9.180796439,"data":"Exception encountered at \"In [1]\":\n"}
,{"stream_name":"stderr","time":9.180800402,"data":"  File \"/tmp/ipykernel_25/4018525803.py\", line 1\n"}
,{"stream_name":"stderr","time":9.180805279,"data":"    import os\\nfrom pathlib import Path\\n\\ndef resolve_path(filename):\\n    candidates = [\\n        Path(f\"/kaggle/input/thesis-indobert-processed-data/{filename}\"),\\n        Path(f\"/kaggle/input/thesis-indobert-processed-data/Data/{filename}\"),\\n        Path(f\"Data/{filename}\"),\\n        Path(f\"Data/processed/{filename}\"),\\n        Path(f\"Data/raw/{filename}\"),\\n        Path(f\"Data/simulated/{filename}\"),\\n        Path(f\"kamus/{filename}\"),\\n        Path(f\"Output/predictions/{filename}\"),\\n        Path(filename),\\n        Path(f\"../{filename}\"),\\n        Path(f\"../Data/{filename}\"),\\n    ]\\n    for p in candidates:\\n        if p.exists():\\n            return str(p)\\n    return filename\\n\n"}
,{"stream_name":"stderr","time":9.18082143,"data":"              ^\n"}
,{"stream_name":"stderr","time":9.180824227,"data":"SyntaxError: unexpected character after line continuation character\n"}
,{"stream_name":"stderr","time":9.180827072,"data":"\n"}
,{"stream_name":"stderr","time":9.180829634,"data":"\n"}
,{"stream_name":"stderr","time":11.442186949,"data":"/usr/local/lib/python3.12/dist-packages/mistune.py:435: SyntaxWarning: invalid escape sequence '\\|'\n"}
,{"stream_name":"stderr","time":11.44223433,"data":"  cells[i][c] = re.sub('\\\\\\\\\\|', '|', cell)\n"}
,{"stream_name":"stderr","time":11.600516884,"data":"/usr/local/lib/python3.12/dist-packages/nbconvert/filters/filter_links.py:36: SyntaxWarning: invalid escape sequence '\\_'\n"}
,{"stream_name":"stderr","time":11.600564024,"data":"  text = re.sub(r'_', '\\_', text) # Escape underscores in display text\n"}
,{"stream_name":"stderr","time":12.218256429,"data":"[NbConvertApp] Converting notebook __notebook__.ipynb to notebook\n"}
,{"stream_name":"stderr","time":12.615520325,"data":"[NbConvertApp] Writing 438395 bytes to __notebook__.ipynb\n"}
,{"stream_name":"stderr","time":14.98649532,"data":"[NbConvertApp] Converting notebook __notebook__.ipynb to html\n"}
,{"stream_name":"stderr","time":15.995573697,"data":"[NbConvertApp] Writing 730241 bytes to __results__.html\n"}
]