[{"stream_name":"stderr","time":6.326447313,"data":"0.00s - Debugger warning: It seems that frozen modules are being used, which may\n"}
,{"stream_name":"stderr","time":6.32717585,"data":"0.00s - make the debugger miss breakpoints. Please pass -Xfrozen_modules=off\n"}
,{"stream_name":"stderr","time":6.327181704,"data":"0.00s - to python to disable frozen modules.\n"}
,{"stream_name":"stderr","time":6.327185398,"data":"0.00s - Note: Debugging will proceed. Set PYDEVD_DISABLE_FILE_VALIDATION=1 to disable this validation.\n"}
,{"stream_name":"stderr","time":6.880635967,"data":"0.00s - Debugger warning: It seems that frozen modules are being used, which may\n"}
,{"stream_name":"stderr","time":6.880672153,"data":"0.00s - make the debugger miss breakpoints. Please pass -Xfrozen_modules=off\n"}
,{"stream_name":"stderr","time":6.880678275,"data":"0.00s - to python to disable frozen modules.\n"}
,{"stream_name":"stderr","time":6.880682437,"data":"0.00s - Note: Debugging will proceed. Set PYDEVD_DISABLE_FILE_VALIDATION=1 to disable this validation.\n"}
,{"stream_name":"stdout","time":7.890656854,"data":"CUDA_VISIBLE_DEVICES = 0\n"}
,{"stream_name":"stdout","time":9.121432639,"data":"Found existing installation: torchao 0.10.0\r\n"}
,{"stream_name":"stdout","time":9.17204832,"data":"Uninstalling torchao-0.10.0:\r\n"}
,{"stream_name":"stdout","time":9.475307419,"data":"  Successfully uninstalled torchao-0.10.0\r\n"}
,{"stream_name":"stdout","time":11.261600218,"data":"Collecting transformers==4.46.3\r\n"}
,{"stream_name":"stdout","time":11.312818474,"data":"  Downloading transformers-4.46.3-py3-none-any.whl.metadata (44 kB)\r\n"}
,{"stream_name":"stdout","time":11.31284486,"data":"\u001b[?25l     \u001b[90m━━━━━━━━━━━━━━━━━━━━━━━━━━━━━━━━━━━━━━━━\u001b[0m \u001b[32m0.0/44.1 kB\u001b[0m \u001b[31m?\u001b[0m eta \u001b[36m-:--:--\u001b[0m\r\u001b[2K     \u001b[90m━━━━━━━━━━━━━━━━━━━━━━━━━━━━━━━━━━━━━━━━\u001b[0m \u001b[32m44.1/44.1 kB\u001b[0m \u001b[31m2.9 MB/s\u001b[0m eta \u001b[36m0:00:00\u001b[0m\r\n"}
,{"stream_name":"stdout","time":11.464539685,"data":"\u001b[?25hCollecting peft==0.13.2\r\n"}
,{"stream_name":"stdout","time":11.464584536,"data":"  Downloading peft-0.13.2-py3-none-any.whl.metadata (13 kB)\r\n"}
,{"stream_name":"stdout","time":11.817957187,"data":"Collecting tokenizers==0.20.3\r\n"}
,{"stream_name":"stdout","time":11.817981891,"data":"  Downloading tokenizers-0.20.3-cp312-cp312-manylinux_2_17_x86_64.manylinux2014_x86_64.whl.metadata (6.7 kB)\r\n"}
,{"stream_name":"stdout","time":11.969797122,"data":"Collecting huggingface-hub==0.26.5\r\n"}
,{"stream_name":"stdout","time":11.969821675,"data":"  Downloading huggingface_hub-0.26.5-py3-none-any.whl.metadata (13 kB)\r\n"}
,{"stream_name":"stdout","time":12.021276443,"data":"Downloading transformers-4.46.3-py3-none-any.whl (10.0 MB)\r\n"}
,{"stream_name":"stdout","time":12.122684282,"data":"\u001b[?25l   \u001b[90m━━━━━━━━━━━━━━━━━━━━━━━━━━━━━━━━━━━━━━━━\u001b[0m \u001b[32m0.0/10.0 MB\u001b[0m \u001b[31m?\u001b[0m eta \u001b[36m-:--:--\u001b[0m\r\u001b[2K   \u001b[91m━━━━━━━━━━━━━━━━━━━━━\u001b[0m\u001b[91m╸\u001b[0m\u001b[90m━━━━━━━━━━━━━━━━━━\u001b[0m \u001b[32m5.4/10.0 MB\u001b[0m \u001b[31m162.2 MB/s\u001b[0m eta \u001b[36m0:00:01\u001b[0m\r\u001b[2K   \u001b[91m━━━━━━━━━━━━━━━━━━━━━━━━━━━━━━━━━━━━━━━\u001b[0m\u001b[91m╸\u001b[0m \u001b[32m10.0/10.0 MB\u001b[0m \u001b[31m149.4 MB/s\u001b[0m eta \u001b[36m0:00:01\u001b[0m\r\u001b[2K   \u001b[91m━━━━━━━━━━━━━━━━━━━━━━━━━━━━━━━━━━━━━━━\u001b[0m\u001b[91m╸\u001b[0m \u001b[32m10.0/10.0 MB\u001b[0m \u001b[31m149.4 MB/s\u001b[0m eta \u001b[36m0:00:01\u001b[0m\r\u001b[2K   \u001b[90m━━━━━━━━━━━━━━━━━━━━━━━━━━━━━━━━━━━━━━━━\u001b[0m \u001b[32m10.0/10.0 MB\u001b[0m \u001b[31m90.6 MB/s\u001b[0m eta \u001b[36m0:00:00\u001b[0m\r\n"}
,{"stream_name":"stdout","time":12.122730295,"data":"\u001b[?25hDownloading peft-0.13.2-py3-none-any.whl (320 kB)\r\n"}
,{"stream_name":"stdout","time":12.122735393,"data":"\u001b[?25l   \u001b[90m━━━━━━━━━━━━━━━━━━━━━━━━━━━━━━━━━━━━━━━━\u001b[0m \u001b[32m0.0/320.7 kB\u001b[0m \u001b[31m?\u001b[0m eta \u001b[36m-:--:--\u001b[0m\r\u001b[2K   \u001b[90m━━━━━━━━━━━━━━━━━━━━━━━━━━━━━━━━━━━━━━━━\u001b[0m \u001b[32m320.7/320.7 kB\u001b[0m \u001b[31m24.0 MB/s\u001b[0m eta \u001b[36m0:00:00\u001b[0m\r\n"}
,{"stream_name":"stdout","time":12.122742127,"data":"\u001b[?25hDownloading tokenizers-0.20.3-cp312-cp312-manylinux_2_17_x86_64.manylinux2014_x86_64.whl (3.0 MB)\r\n"}
,{"stream_name":"stdout","time":12.173293593,"data":"\u001b[?25l   \u001b[90m━━━━━━━━━━━━━━━━━━━━━━━━━━━━━━━━━━━━━━━━\u001b[0m \u001b[32m0.0/3.0 MB\u001b[0m \u001b[31m?\u001b[0m eta \u001b[36m-:--:--\u001b[0m\r\u001b[2K   \u001b[91m━━━━━━━━━━━━━━━━━━━━━━━━━━━━━━━━━━━━━━━\u001b[0m\u001b[91m╸\u001b[0m \u001b[32m3.0/3.0 MB\u001b[0m \u001b[31m178.2 MB/s\u001b[0m eta \u001b[36m0:00:01\u001b[0m\r\u001b[2K   \u001b[90m━━━━━━━━━━━━━━━━━━━━━━━━━━━━━━━━━━━━━━━━\u001b[0m \u001b[32m3.0/3.0 MB\u001b[0m \u001b[31m84.1 MB/s\u001b[0m eta \u001b[36m0:00:00\u001b[0m\r\n"}
,{"stream_name":"stdout","time":12.173327208,"data":"\u001b[?25hDownloading huggingface_hub-0.26.5-py3-none-any.whl (447 kB)\r\n"}
,{"stream_name":"stdout","time":12.223995644,"data":"\u001b[?25l   \u001b[90m━━━━━━━━━━━━━━━━━━━━━━━━━━━━━━━━━━━━━━━━\u001b[0m \u001b[32m0.0/447.8 kB\u001b[0m \u001b[31m?\u001b[0m eta \u001b[36m-:--:--\u001b[0m\r\u001b[2K   \u001b[90m━━━━━━━━━━━━━━━━━━━━━━━━━━━━━━━━━━━━━━━━\u001b[0m \u001b[32m447.8/447.8 kB\u001b[0m \u001b[31m35.1 MB/s\u001b[0m eta \u001b[36m0:00:00\u001b[0m\r\n"}
,{"stream_name":"stdout","time":12.27461971,"data":"\u001b[?25hInstalling collected packages: transformers, tokenizers, peft, huggingface-hub\r\n"}
,{"stream_name":"stdout","time":12.274638589,"data":"  Attempting uninstall: transformers\r\n"}
,{"stream_name":"stdout","time":12.52827669,"data":"    Found existing installation: transformers 5.0.0\r\n"}
,{"stream_name":"stdout","time":12.832595925,"data":"    Uninstalling transformers-5.0.0:\r\n"}
,{"stream_name":"stdout","time":14.251319046,"data":"      Successfully uninstalled transformers-5.0.0\r\n"}
,{"stream_name":"stdout","time":20.4291842,"data":"  Attempting uninstall: tokenizers\r\n"}
,{"stream_name":"stdout","time":20.682332423,"data":"    Found existing installation: tokenizers 0.22.2\r\n"}
,{"stream_name":"stdout","time":20.682365807,"data":"    Uninstalling tokenizers-0.22.2:\r\n"}
,{"stream_name":"stdout","time":20.732358475,"data":"      Successfully uninstalled tokenizers-0.22.2\r\n"}
,{"stream_name":"stdout","time":20.783043559,"data":"  Attempting uninstall: peft\r\n"}
,{"stream_name":"stdout","time":21.036212372,"data":"    Found existing installation: peft 0.19.1\r\n"}
,{"stream_name":"stdout","time":21.08675652,"data":"    Uninstalling peft-0.19.1:\r\n"}
,{"stream_name":"stdout","time":21.239021295,"data":"      Successfully uninstalled peft-0.19.1\r\n"}
,{"stream_name":"stdout","time":21.44139979,"data":"  Attempting uninstall: huggingface-hub\r\n"}
,{"stream_name":"stdout","time":21.644209426,"data":"    Found existing installation: huggingface_hub 1.11.0\r\n"}
,{"stream_name":"stdout","time":21.64423569,"data":"    Uninstalling huggingface_hub-1.11.0:\r\n"}
,{"stream_name":"stdout","time":21.796669646,"data":"      Successfully uninstalled huggingface_hub-1.11.0\r\n"}
,{"stream_name":"stdout","time":22.05055757,"data":"Successfully installed huggingface-hub-0.26.5 peft-0.13.2 tokenizers-0.20.3 transformers-4.46.3\r\n"}
,{"stream_name":"stdout","time":48.702803329,"data":"python        : 3.12.13 (main, Mar  4 2026, 09:23:07) [GCC 11.4.0]\n"}
,{"stream_name":"stdout","time":48.702845085999996,"data":"torch         : 2.10.0+cu128\n"}
,{"stream_name":"stdout","time":48.702851924,"data":"transformers  : 4.46.3\n"}
,{"stream_name":"stdout","time":48.702856265,"data":"peft          : 0.13.2\n"}
,{"stream_name":"stdout","time":48.70286083,"data":"cuda available: True\n"}
,{"stream_name":"stdout","time":48.702865197,"data":"gpu count     : 1\n"}
,{"stream_name":"stdout","time":48.702869309,"data":"gpu name      : Tesla T4\n"}
,{"stream_name":"stdout","time":50.413634336,"data":"GPU tersedia: True\n"}
,{"stream_name":"stdout","time":50.648551013,"data":"Isi /kaggle/input:\n"}
,{"stream_name":"stdout","time":50.64861567,"data":"   /kaggle/input/datasets/emanuelembuaijdak/thesis-indobert-processed-data/data_preprocessed_with_emoticon.csv\n"}
,{"stream_name":"stdout","time":50.648621283,"data":"   /kaggle/input/datasets/emanuelembuaijdak/thesis-indobert-processed-data/split_data.pkl\n"}
,{"stream_name":"stdout","time":50.64862526,"data":"CSV ditemukan di: /kaggle/input/datasets/emanuelembuaijdak/thesis-indobert-processed-data/data_preprocessed_with_emoticon.csv\n"}
,{"stream_name":"stdout","time":50.67949821,"data":"Kolom BERT terpilih: text_bert\n"}
,{"stream_name":"stdout","time":50.679528448,"data":"Train set: 6918 | Test set: 1730\n"}
,{"stream_name":"stdout","time":50.705522292,"data":"Distribusi train final:\n"}
,{"stream_name":"stdout","time":50.705545426,"data":"0    3374\n"}
,{"stream_name":"stdout","time":50.705550933,"data":"1    1087\n"}
,{"stream_name":"stdout","time":50.70555556,"data":"2    1765\n"}
,{"stream_name":"stdout","time":50.705559606,"data":"Name: count, dtype: int64\n"}
,{"stream_name":"stdout","time":50.705580505,"data":"\n"}
,{"stream_name":"stdout","time":50.705586288,"data":"Distribusi validation:\n"}
,{"stream_name":"stdout","time":50.705592241,"data":"0    375\n"}
,{"stream_name":"stdout","time":50.70559662,"data":"1    121\n"}
,{"stream_name":"stdout","time":50.705600725,"data":"2    196\n"}
,{"stream_name":"stdout","time":50.705604818,"data":"Name: count, dtype: int64\n"}
,{"stream_name":"stdout","time":50.705609091,"data":"\n"}
,{"stream_name":"stdout","time":50.705613325,"data":"Distribusi test:\n"}
,{"stream_name":"stdout","time":50.705617399,"data":"0    937\n"}
,{"stream_name":"stdout","time":50.705621569,"data":"1    302\n"}
,{"stream_name":"stdout","time":50.705625443,"data":"2    491\n"}
,{"stream_name":"stdout","time":50.705629695,"data":"Name: count, dtype: int64\n"}
,{"stream_name":"stdout","time":51.186241285,"data":"Train 6226 | Val 692 | Test 1730\n"}
,{"stream_name":"stdout","time":51.385487961,"data":"Class weights: [0.75, 1.3200000524520874, 1.0299999713897705]\n"}
,{"stream_name":"stderr","time":82.561071568,"data":"Some weights of BertForSequenceClassification were not initialized from the model checkpoint at indolem/indobertweet-base-uncased and are newly initialized: ['classifier.bias', 'classifier.weight']\n"}
,{"stream_name":"stderr","time":82.561121586,"data":"You should probably TRAIN this model on a down-stream task to be able to use it for predictions and inference.\n"}
,{"stream_name":"stderr","time":82.561127091,"data":"\n"}
,{"stream_name":"stderr","time":82.561146187,"data":"Some weights of BertForSequenceClassification were not initialized from the model checkpoint at indolem/indobertweet-base-uncased and are newly initialized: ['classifier.bias', 'classifier.weight']\n"}
,{"stream_name":"stderr","time":82.561152187,"data":"You should probably TRAIN this model on a down-stream task to be able to use it for predictions and inference.\n"}
,{"stream_name":"stdout","time":623.549508978,"data":"Hasil validation: {'eval_loss': 0.6762506365776062, 'eval_accuracy': 0.7413294797687862, 'eval_precision_macro': 0.6896262440006801, 'eval_recall_macro': 0.6975154513596072, 'eval_f1_macro': 0.693002847127499, 'eval_runtime': 5.8469, 'eval_samples_per_second': 118.354, 'eval_steps_per_second': 7.525, 'epoch': 5.0}\n"}
,{"stream_name":"stdout","time":629.294989821,"data":"Distribusi prediksi val : {0: 359, 1: 120, 2: 213}\n"}
,{"stream_name":"stdout","time":629.295032152,"data":"Baseline mayoritas val  : acc=0.5419 macro_f1=0.2343\n"}
,{"stream_name":"stdout","time":629.295039617,"data":"STATUS: OK\n"}
,{"stream_name":"stdout","time":629.295044301,"data":"        run  accuracy_val  precision_macro_val  recall_macro_val  f1_macro_val status\n"}
,{"stream_name":"stdout","time":629.295048675,"data":"weighted_ce      0.741329             0.689626          0.697515      0.693003     OK\n"}
,{"stream_name":"stdout","time":644.153257474,"data":"              precision    recall  f1-score   support\n"}
,{"stream_name":"stdout","time":644.153294983,"data":"\n"}
,{"stream_name":"stdout","time":644.153300373,"data":"     negatif       0.87      0.79      0.83       937\n"}
,{"stream_name":"stdout","time":644.153305066,"data":"      netral       0.57      0.63      0.60       302\n"}
,{"stream_name":"stdout","time":644.153309496,"data":"     positif       0.74      0.81      0.77       491\n"}
,{"stream_name":"stdout","time":644.153314203,"data":"\n"}
,{"stream_name":"stdout","time":644.153318385,"data":"    accuracy                           0.77      1730\n"}
,{"stream_name":"stdout","time":644.153322819,"data":"   macro avg       0.73      0.75      0.73      1730\n"}
,{"stream_name":"stdout","time":644.15332723,"data":"weighted avg       0.78      0.77      0.77      1730\n"}
,{"stream_name":"stdout","time":644.153331701,"data":"\n"}
,{"stream_name":"stdout","time":644.153335894,"data":"Distribusi prediksi: {0: 852, 1: 336, 2: 542}\n"}
,{"stream_name":"stdout","time":644.153340303,"data":"Distribusi aktual  : {0: 937, 1: 302, 2: 491}\n"}
,{"stream_name":"stdout","time":644.153344668,"data":"Tersimpan: hasil_e4_test.csv\n"}
,{"stream_name":"stdout","time":644.153349338,"data":"        run  accuracy  precision_macro  recall_macro  f1_macro\n"}
,{"stream_name":"stdout","time":644.15335439,"data":"weighted_ce  0.771098         0.725574      0.745942  0.733935\n"}
,{"stream_name":"stdout","time":644.19071905,"data":"=== RINGKASAN P1 (weighted CE) ===\n"}
,{"stream_name":"stdout","time":644.19074257,"data":"Validation:\n"}
,{"stream_name":"stdout","time":644.190748846,"data":"        run  accuracy_val  precision_macro_val  recall_macro_val  f1_macro_val status\n"}
,{"stream_name":"stdout","time":644.190765342,"data":"weighted_ce      0.741329             0.689626          0.697515      0.693003     OK\n"}
,{"stream_name":"stdout","time":644.190773318,"data":"\n"}
,{"stream_name":"stdout","time":644.190775824,"data":"Test:\n"}
,{"stream_name":"stdout","time":644.190778089,"data":"        run  accuracy  precision_macro  recall_macro  f1_macro\n"}
,{"stream_name":"stdout","time":644.190780334,"data":"weighted_ce  0.771098         0.725574      0.745942  0.733935\n"}
,{"stream_name":"stdout","time":644.190782556,"data":"\n"}
,{"stream_name":"stdout","time":644.190784668,"data":"McNemar vs baseline dilakukan OFFLINE setelah pull (verify_metrics --compare).\n"}
,{"stream_name":"stdout","time":644.190787114,"data":"Entri PASCA eksperimen diisi di docs/LOG_EKSPERIMEN.md setelah run selesai.\n"}
,{"stream_name":"stderr","time":649.674762057,"data":"/usr/local/lib/python3.12/dist-packages/mistune.py:435: SyntaxWarning: invalid escape sequence '\\|'\n"}
,{"stream_name":"stderr","time":649.674797642,"data":"  cells[i][c] = re.sub('\\\\\\\\\\|', '|', cell)\n"}
,{"stream_name":"stderr","time":649.818428305,"data":"/usr/local/lib/python3.12/dist-packages/nbconvert/filters/filter_links.py:36: SyntaxWarning: invalid escape sequence '\\_'\n"}
,{"stream_name":"stderr","time":649.818460559,"data":"  text = re.sub(r'_', '\\_', text) # Escape underscores in display text\n"}
,{"stream_name":"stderr","time":650.40038209,"data":"[NbConvertApp] Converting notebook __notebook__.ipynb to notebook\n"}
,{"stream_name":"stderr","time":650.719334553,"data":"[NbConvertApp] Writing 144690 bytes to __notebook__.ipynb\n"}
,{"stream_name":"stderr","time":653.029271923,"data":"[NbConvertApp] Converting notebook __notebook__.ipynb to html\n"}
,{"stream_name":"stderr","time":653.850436969,"data":"[NbConvertApp] Support files will be in __results___files/\n"}
,{"stream_name":"stderr","time":653.850460101,"data":"[NbConvertApp] Making directory __results___files\n"}
,{"stream_name":"stderr","time":653.85063974,"data":"[NbConvertApp] Writing 408921 bytes to __results__.html\n"}
]