[{"stream_name":"stderr","time":9.845943251,"data":"0.00s - Debugger warning: It seems that frozen modules are being used, which may\n"}
,{"stream_name":"stderr","time":9.846007954,"data":"0.00s - make the debugger miss breakpoints. Please pass -Xfrozen_modules=off\n"}
,{"stream_name":"stderr","time":9.846012167,"data":"0.00s - to python to disable frozen modules.\n"}
,{"stream_name":"stderr","time":9.846014694,"data":"0.00s - Note: Debugging will proceed. Set PYDEVD_DISABLE_FILE_VALIDATION=1 to disable this validation.\n"}
,{"stream_name":"stderr","time":10.554408712,"data":"0.00s - Debugger warning: It seems that frozen modules are being used, which may\n"}
,{"stream_name":"stderr","time":10.554446617,"data":"0.00s - make the debugger miss breakpoints. Please pass -Xfrozen_modules=off\n"}
,{"stream_name":"stderr","time":10.554452743,"data":"0.00s - to python to disable frozen modules.\n"}
,{"stream_name":"stderr","time":10.554457164,"data":"0.00s - Note: Debugging will proceed. Set PYDEVD_DISABLE_FILE_VALIDATION=1 to disable this validation.\n"}
,{"stream_name":"stdout","time":11.805365145,"data":"CUDA_VISIBLE_DEVICES = 0\n"}
,{"stream_name":"stdout","time":13.645095234,"data":"Found existing installation: torchao 0.10.0\r\n"}
,{"stream_name":"stdout","time":13.796814939,"data":"Uninstalling torchao-0.10.0:\r\n"}
,{"stream_name":"stdout","time":14.403518109,"data":"  Successfully uninstalled torchao-0.10.0\r\n"}
,{"stream_name":"stdout","time":16.683957882,"data":"Collecting transformers==4.46.3\r\n"}
,{"stream_name":"stdout","time":16.683986218,"data":"  Downloading transformers-4.46.3-py3-none-any.whl.metadata (44 kB)\r\n"}
,{"stream_name":"stdout","time":16.734097829,"data":"\u001b[?25l     \u001b[90m━━━━━━━━━━━━━━━━━━━━━━━━━━━━━━━━━━━━━━━━\u001b[0m \u001b[32m0.0/44.1 kB\u001b[0m \u001b[31m?\u001b[0m eta \u001b[36m-:--:--\u001b[0m\r\u001b[2K     \u001b[90m━━━━━━━━━━━━━━━━━━━━━━━━━━━━━━━━━━━━━━━━\u001b[0m \u001b[32m44.1/44.1 kB\u001b[0m \u001b[31m2.4 MB/s\u001b[0m eta \u001b[36m0:00:00\u001b[0m\r\n"}
,{"stream_name":"stdout","time":16.835440185,"data":"\u001b[?25hCollecting peft==0.13.2\r\n"}
,{"stream_name":"stdout","time":16.835461627,"data":"  Downloading peft-0.13.2-py3-none-any.whl.metadata (13 kB)\r\n"}
,{"stream_name":"stdout","time":17.18954042,"data":"Collecting tokenizers==0.20.3\r\n"}
,{"stream_name":"stdout","time":17.189566988,"data":"  Downloading tokenizers-0.20.3-cp312-cp312-manylinux_2_17_x86_64.manylinux2014_x86_64.whl.metadata (6.7 kB)\r\n"}
,{"stream_name":"stdout","time":17.391808802,"data":"Collecting huggingface-hub==0.26.5\r\n"}
,{"stream_name":"stdout","time":17.391829579,"data":"  Downloading huggingface_hub-0.26.5-py3-none-any.whl.metadata (13 kB)\r\n"}
,{"stream_name":"stdout","time":17.391835573,"data":"Downloading transformers-4.46.3-py3-none-any.whl (10.0 MB)\r\n"}
,{"stream_name":"stdout","time":17.544194832,"data":"\u001b[?25l   \u001b[90m━━━━━━━━━━━━━━━━━━━━━━━━━━━━━━━━━━━━━━━━\u001b[0m \u001b[32m0.0/10.0 MB\u001b[0m \u001b[31m?\u001b[0m eta \u001b[36m-:--:--\u001b[0m\r\u001b[2K   \u001b[91m━━━━━━━━━━━━━━━━━━━\u001b[0m\u001b[91m╸\u001b[0m\u001b[90m━━━━━━━━━━━━━━━━━━━━\u001b[0m \u001b[32m4.9/10.0 MB\u001b[0m \u001b[31m147.0 MB/s\u001b[0m eta \u001b[36m0:00:01\u001b[0m\r\u001b[2K   \u001b[91m━━━━━━━━━━━━━━━━━━━━━━━━━━━━━━━━━━━━━━━\u001b[0m\u001b[91m╸\u001b[0m \u001b[32m10.0/10.0 MB\u001b[0m \u001b[31m179.9 MB/s\u001b[0m eta \u001b[36m0:00:01\u001b[0m\r\u001b[2K   \u001b[91m━━━━━━━━━━━━━━━━━━━━━━━━━━━━━━━━━━━━━━━\u001b[0m\u001b[91m╸\u001b[0m \u001b[32m10.0/10.0 MB\u001b[0m \u001b[31m179.9 MB/s\u001b[0m eta \u001b[36m0:00:01\u001b[0m\r\u001b[2K   \u001b[90m━━━━━━━━━━━━━━━━━━━━━━━━━━━━━━━━━━━━━━━━\u001b[0m \u001b[32m10.0/10.0 MB\u001b[0m \u001b[31m94.0 MB/s\u001b[0m eta \u001b[36m0:00:00\u001b[0m\r\n"}
,{"stream_name":"stdout","time":17.54423924,"data":"\u001b[?25hDownloading peft-0.13.2-py3-none-any.whl (320 kB)\r\n"}
,{"stream_name":"stdout","time":17.544243014,"data":"\u001b[?25l   \u001b[90m━━━━━━━━━━━━━━━━━━━━━━━━━━━━━━━━━━━━━━━━\u001b[0m \u001b[32m0.0/320.7 kB\u001b[0m \u001b[31m?\u001b[0m eta \u001b[36m-:--:--\u001b[0m\r\u001b[2K   \u001b[90m━━━━━━━━━━━━━━━━━━━━━━━━━━━━━━━━━━━━━━━━\u001b[0m \u001b[32m320.7/320.7 kB\u001b[0m \u001b[31m20.8 MB/s\u001b[0m eta \u001b[36m0:00:00\u001b[0m\r\n"}
,{"stream_name":"stdout","time":17.544246725,"data":"\u001b[?25hDownloading tokenizers-0.20.3-cp312-cp312-manylinux_2_17_x86_64.manylinux2014_x86_64.whl (3.0 MB)\r\n"}
,{"stream_name":"stdout","time":17.595250387,"data":"\u001b[?25l   \u001b[90m━━━━━━━━━━━━━━━━━━━━━━━━━━━━━━━━━━━━━━━━\u001b[0m \u001b[32m0.0/3.0 MB\u001b[0m \u001b[31m?\u001b[0m eta \u001b[36m-:--:--\u001b[0m\r\u001b[2K   \u001b[90m━━━━━━━━━━━━━━━━━━━━━━━━━━━━━━━━━━━━━━━━\u001b[0m \u001b[32m3.0/3.0 MB\u001b[0m \u001b[31m92.1 MB/s\u001b[0m eta \u001b[36m0:00:00\u001b[0m\r\n"}
,{"stream_name":"stdout","time":17.595278926,"data":"\u001b[?25hDownloading huggingface_hub-0.26.5-py3-none-any.whl (447 kB)\r\n"}
,{"stream_name":"stdout","time":17.59528746,"data":"\u001b[?25l   \u001b[90m━━━━━━━━━━━━━━━━━━━━━━━━━━━━━━━━━━━━━━━━\u001b[0m \u001b[32m0.0/447.8 kB\u001b[0m \u001b[31m?\u001b[0m eta \u001b[36m-:--:--\u001b[0m\r\u001b[2K   \u001b[90m━━━━━━━━━━━━━━━━━━━━━━━━━━━━━━━━━━━━━━━━\u001b[0m \u001b[32m447.8/447.8 kB\u001b[0m \u001b[31m26.0 MB/s\u001b[0m eta \u001b[36m0:00:00\u001b[0m\r\n"}
,{"stream_name":"stdout","time":17.695936885,"data":"\u001b[?25hInstalling collected packages: transformers, tokenizers, peft, huggingface-hub\r\n"}
,{"stream_name":"stdout","time":17.695957967,"data":"  Attempting uninstall: transformers\r\n"}
,{"stream_name":"stdout","time":17.948935786,"data":"    Found existing installation: transformers 5.0.0\r\n"}
,{"stream_name":"stdout","time":18.60600672,"data":"    Uninstalling transformers-5.0.0:\r\n"}
,{"stream_name":"stdout","time":21.634550775,"data":"      Successfully uninstalled transformers-5.0.0\r\n"}
,{"stream_name":"stdout","time":27.957495492,"data":"  Attempting uninstall: tokenizers\r\n"}
,{"stream_name":"stdout","time":28.210508082,"data":"    Found existing installation: tokenizers 0.22.2\r\n"}
,{"stream_name":"stdout","time":28.210531199,"data":"    Uninstalling tokenizers-0.22.2:\r\n"}
,{"stream_name":"stdout","time":28.311668595,"data":"      Successfully uninstalled tokenizers-0.22.2\r\n"}
,{"stream_name":"stdout","time":28.413163032,"data":"  Attempting uninstall: peft\r\n"}
,{"stream_name":"stdout","time":28.716635767,"data":"    Found existing installation: peft 0.19.1\r\n"}
,{"stream_name":"stdout","time":28.767061803,"data":"    Uninstalling peft-0.19.1:\r\n"}
,{"stream_name":"stdout","time":29.070629234,"data":"      Successfully uninstalled peft-0.19.1\r\n"}
,{"stream_name":"stdout","time":29.273014506,"data":"  Attempting uninstall: huggingface-hub\r\n"}
,{"stream_name":"stdout","time":29.475211071,"data":"    Found existing installation: huggingface_hub 1.11.0\r\n"}
,{"stream_name":"stdout","time":29.525628888,"data":"    Uninstalling huggingface_hub-1.11.0:\r\n"}
,{"stream_name":"stdout","time":29.778345151,"data":"      Successfully uninstalled huggingface_hub-1.11.0\r\n"}
,{"stream_name":"stdout","time":30.031673865,"data":"Successfully installed huggingface-hub-0.26.5 peft-0.13.2 tokenizers-0.20.3 transformers-4.46.3\r\n"}
,{"stream_name":"stdout","time":70.442436087,"data":"python        : 3.12.13 (main, Mar  4 2026, 09:23:07) [GCC 11.4.0]\n"}
,{"stream_name":"stdout","time":70.442471991,"data":"torch         : 2.10.0+cu128\n"}
,{"stream_name":"stdout","time":70.442478893,"data":"transformers  : 4.46.3\n"}
,{"stream_name":"stdout","time":70.44248347,"data":"peft          : 0.13.2\n"}
,{"stream_name":"stdout","time":70.442488786,"data":"cuda available: True\n"}
,{"stream_name":"stdout","time":70.442493346,"data":"gpu count     : 1\n"}
,{"stream_name":"stdout","time":70.44249786,"data":"gpu name      : Tesla T4\n"}
,{"stream_name":"stdout","time":72.646808749,"data":"GPU tersedia: True\n"}
,{"stream_name":"stdout","time":72.850239755,"data":"Isi /kaggle/input:\n"}
,{"stream_name":"stdout","time":72.850275895,"data":"   /kaggle/input/datasets/emanuelembuaijdak/thesis-indobert-processed-data/data_preprocessed_with_emoticon.csv\n"}
,{"stream_name":"stdout","time":72.850281888,"data":"   /kaggle/input/datasets/emanuelembuaijdak/thesis-indobert-processed-data/split_data.pkl\n"}
,{"stream_name":"stdout","time":72.850286985,"data":"CSV ditemukan di: /kaggle/input/datasets/emanuelembuaijdak/thesis-indobert-processed-data/data_preprocessed_with_emoticon.csv\n"}
,{"stream_name":"stdout","time":73.040193249,"data":"Kolom BERT terpilih: text_bert\n"}
,{"stream_name":"stdout","time":73.040229814,"data":"Train set: 6918 | Test set: 1730\n"}
,{"stream_name":"stdout","time":73.070107051,"data":"Distribusi train final:\n"}
,{"stream_name":"stdout","time":73.070152944,"data":"0    3374\n"}
,{"stream_name":"stdout","time":73.070160956,"data":"1    1087\n"}
,{"stream_name":"stdout","time":73.07016736,"data":"2    1765\n"}
,{"stream_name":"stdout","time":73.070173221,"data":"Name: count, dtype: int64\n"}
,{"stream_name":"stdout","time":73.070179212,"data":"\n"}
,{"stream_name":"stdout","time":73.070185358,"data":"Distribusi validation:\n"}
,{"stream_name":"stdout","time":73.070191867,"data":"0    375\n"}
,{"stream_name":"stdout","time":73.07019737,"data":"1    121\n"}
,{"stream_name":"stdout","time":73.070202661,"data":"2    196\n"}
,{"stream_name":"stdout","time":73.070208264,"data":"Name: count, dtype: int64\n"}
,{"stream_name":"stdout","time":73.070213852,"data":"\n"}
,{"stream_name":"stdout","time":73.070223836,"data":"Distribusi test:\n"}
,{"stream_name":"stdout","time":73.07022792,"data":"0    937\n"}
,{"stream_name":"stdout","time":73.07023173,"data":"1    302\n"}
,{"stream_name":"stdout","time":73.070235472,"data":"2    491\n"}
,{"stream_name":"stdout","time":73.070239181,"data":"Name: count, dtype: int64\n"}
,{"stream_name":"stdout","time":73.999047893,"data":"Train 6226 | Val 692 | Test 1730\n"}
,{"stream_name":"stdout","time":74.198926348,"data":"\n"}
,{"stream_name":"stdout","time":74.198958366,"data":"============================================================\n"}
,{"stream_name":"stdout","time":74.198964072,"data":"E1 | label_smoothing_factor = 0.0 | tag = baseline\n"}
,{"stream_name":"stdout","time":74.198987591,"data":"============================================================\n"}
,{"stream_name":"stderr","time":97.906124909,"data":"Some weights of BertForSequenceClassification were not initialized from the model checkpoint at indolem/indobertweet-base-uncased and are newly initialized: ['classifier.bias', 'classifier.weight']\n"}
,{"stream_name":"stderr","time":97.9061708,"data":"You should probably TRAIN this model on a down-stream task to be able to use it for predictions and inference.\n"}
,{"stream_name":"stderr","time":97.906175818,"data":"\n"}
,{"stream_name":"stderr","time":97.906179459,"data":"Some weights of BertForSequenceClassification were not initialized from the model checkpoint at indolem/indobertweet-base-uncased and are newly initialized: ['classifier.bias', 'classifier.weight']\n"}
,{"stream_name":"stderr","time":97.906202737,"data":"You should probably TRAIN this model on a down-stream task to be able to use it for predictions and inference.\n"}
,{"stream_name":"stdout","time":593.198924773,"data":"Hasil validation: {'eval_loss': 0.6263568997383118, 'eval_accuracy': 0.7586705202312138, 'eval_precision_macro': 0.7134914047906173, 'eval_recall_macro': 0.7070432338224545, 'eval_f1_macro': 0.7098820719510375, 'eval_runtime': 4.9962, 'eval_samples_per_second': 138.507, 'eval_steps_per_second': 8.807, 'epoch': 5.0}\n"}
,{"stream_name":"stdout","time":598.289964553,"data":"Distribusi prediksi val : {0: 381, 1: 111, 2: 200}\n"}
,{"stream_name":"stdout","time":598.290020115,"data":"Baseline mayoritas val  : acc=0.5419 macro_f1=0.2343\n"}
,{"stream_name":"stdout","time":598.290027231,"data":"STATUS: OK\n"}
,{"stream_name":"stdout","time":598.290031995,"data":"\n"}
,{"stream_name":"stdout","time":598.29003687,"data":"============================================================\n"}
,{"stream_name":"stdout","time":598.290041835,"data":"E1 | label_smoothing_factor = 0.05 | tag = eps05\n"}
,{"stream_name":"stdout","time":598.290046651,"data":"============================================================\n"}
,{"stream_name":"stderr","time":599.484970871,"data":"Some weights of BertForSequenceClassification were not initialized from the model checkpoint at indolem/indobertweet-base-uncased and are newly initialized: ['classifier.bias', 'classifier.weight']\n"}
,{"stream_name":"stderr","time":599.485010306,"data":"You should probably TRAIN this model on a down-stream task to be able to use it for predictions and inference.\n"}
,{"stream_name":"stderr","time":599.48501622,"data":"\n"}
,{"stream_name":"stderr","time":599.485020828,"data":"Some weights of BertForSequenceClassification were not initialized from the model checkpoint at indolem/indobertweet-base-uncased and are newly initialized: ['classifier.bias', 'classifier.weight']\n"}
,{"stream_name":"stderr","time":599.485026296,"data":"You should probably TRAIN this model on a down-stream task to be able to use it for predictions and inference.\n"}
,{"stream_name":"stdout","time":1096.318222653,"data":"Hasil validation: {'eval_loss': 0.6816108226776123, 'eval_accuracy': 0.75, 'eval_precision_macro': 0.7020033352541603, 'eval_recall_macro': 0.6979780363936209, 'eval_f1_macro': 0.6996645495907018, 'eval_runtime': 5.0042, 'eval_samples_per_second': 138.283, 'eval_steps_per_second': 8.793, 'epoch': 5.0}\n"}
,{"stream_name":"stdout","time":1101.408627246,"data":"Distribusi prediksi val : {0: 378, 1: 112, 2: 202}\n"}
,{"stream_name":"stdout","time":1101.408679021,"data":"Baseline mayoritas val  : acc=0.5419 macro_f1=0.2343\n"}
,{"stream_name":"stdout","time":1101.414844978,"data":"STATUS: OK\n"}
,{"stream_name":"stdout","time":1101.41485974,"data":"\n"}
,{"stream_name":"stdout","time":1101.414884614,"data":"============================================================\n"}
,{"stream_name":"stdout","time":1101.414888914,"data":"E1 | label_smoothing_factor = 0.1 | tag = eps10\n"}
,{"stream_name":"stdout","time":1101.414892783,"data":"============================================================\n"}
,{"stream_name":"stderr","time":1102.497183352,"data":"Some weights of BertForSequenceClassification were not initialized from the model checkpoint at indolem/indobertweet-base-uncased and are newly initialized: ['classifier.bias', 'classifier.weight']\n"}
,{"stream_name":"stderr","time":1102.497224648,"data":"You should probably TRAIN this model on a down-stream task to be able to use it for predictions and inference.\n"}
,{"stream_name":"stderr","time":1102.497231198,"data":"\n"}
,{"stream_name":"stderr","time":1102.497239496,"data":"Some weights of BertForSequenceClassification were not initialized from the model checkpoint at indolem/indobertweet-base-uncased and are newly initialized: ['classifier.bias', 'classifier.weight']\n"}
,{"stream_name":"stderr","time":1102.497243087,"data":"You should probably TRAIN this model on a down-stream task to be able to use it for predictions and inference.\n"}
,{"stream_name":"stdout","time":1599.060732166,"data":"Hasil validation: {'eval_loss': 0.7338993549346924, 'eval_accuracy': 0.7485549132947977, 'eval_precision_macro': 0.7003790913136707, 'eval_recall_macro': 0.6909219092595716, 'eval_f1_macro': 0.6949140528087896, 'eval_runtime': 5.0064, 'eval_samples_per_second': 138.224, 'eval_steps_per_second': 8.789, 'epoch': 5.0}\n"}
,{"stream_name":"stdout","time":1604.158766562,"data":"Distribusi prediksi val : {0: 385, 1: 107, 2: 200}\n"}
,{"stream_name":"stdout","time":1604.158826373,"data":"Baseline mayoritas val  : acc=0.5419 macro_f1=0.2343\n"}
,{"stream_name":"stdout","time":1604.158833832,"data":"STATUS: OK\n"}
,{"stream_name":"stdout","time":1604.158838493,"data":"\n"}
,{"stream_name":"stdout","time":1604.15884267,"data":"============================================================\n"}
,{"stream_name":"stdout","time":1604.158847577,"data":"E1 | label_smoothing_factor = 0.15 | tag = eps15\n"}
,{"stream_name":"stdout","time":1604.158853232,"data":"============================================================\n"}
,{"stream_name":"stderr","time":1605.202526159,"data":"Some weights of BertForSequenceClassification were not initialized from the model checkpoint at indolem/indobertweet-base-uncased and are newly initialized: ['classifier.bias', 'classifier.weight']\n"}
,{"stream_name":"stderr","time":1605.202565228,"data":"You should probably TRAIN this model on a down-stream task to be able to use it for predictions and inference.\n"}
,{"stream_name":"stderr","time":1605.202576788,"data":"\n"}
,{"stream_name":"stderr","time":1605.202581215,"data":"Some weights of BertForSequenceClassification were not initialized from the model checkpoint at indolem/indobertweet-base-uncased and are newly initialized: ['classifier.bias', 'classifier.weight']\n"}
,{"stream_name":"stderr","time":1605.202584767,"data":"You should probably TRAIN this model on a down-stream task to be able to use it for predictions and inference.\n"}
,{"stream_name":"stdout","time":2102.025152569,"data":"Hasil validation: {'eval_loss': 0.7781088948249817, 'eval_accuracy': 0.75, 'eval_precision_macro': 0.7037068180744446, 'eval_recall_macro': 0.6841047206761491, 'eval_f1_macro': 0.6905857443556513, 'eval_runtime': 4.9909, 'eval_samples_per_second': 138.652, 'eval_steps_per_second': 8.816, 'epoch': 5.0}\n"}
,{"stream_name":"stdout","time":2106.91043695,"data":"Distribusi prediksi val : {0: 391, 1: 93, 2: 208}\n"}
,{"stream_name":"stdout","time":2106.910478458,"data":"Baseline mayoritas val  : acc=0.5419 macro_f1=0.2343\n"}
,{"stream_name":"stdout","time":2106.910500144,"data":"STATUS: OK\n"}
,{"stream_name":"stdout","time":2106.957966884,"data":"     tag  label_smoothing  accuracy_val  precision_macro_val  recall_macro_val  f1_macro_val status\n"}
,{"stream_name":"stdout","time":2106.957987831,"data":"baseline             0.00      0.758671             0.713491          0.707043      0.709882     OK\n"}
,{"stream_name":"stdout","time":2106.957993468,"data":"   eps05             0.05      0.750000             0.702003          0.697978      0.699665     OK\n"}
,{"stream_name":"stdout","time":2106.957997543,"data":"   eps10             0.10      0.748555             0.700379          0.690922      0.694914     OK\n"}
,{"stream_name":"stdout","time":2106.958001844,"data":"   eps15             0.15      0.750000             0.703707          0.684105      0.690586     OK\n"}
,{"stream_name":"stdout","time":2106.958005559,"data":"Tag terbaik (val macro F1): baseline\n"}
,{"stream_name":"stdout","time":2107.095107993,"data":"\n"}
,{"stream_name":"stdout","time":2107.095132482,"data":"============================================================\n"}
,{"stream_name":"stdout","time":2107.095138035,"data":"EVALUASI TEST | baseline\n"}
,{"stream_name":"stdout","time":2107.095142866,"data":"============================================================\n"}
,{"stream_name":"stdout","time":2119.547581029,"data":"              precision    recall  f1-score   support\n"}
,{"stream_name":"stdout","time":2119.547616509,"data":"\n"}
,{"stream_name":"stdout","time":2119.547620894,"data":"     negatif       0.86      0.83      0.85       937\n"}
,{"stream_name":"stdout","time":2119.547624094,"data":"      netral       0.58      0.57      0.58       302\n"}
,{"stream_name":"stdout","time":2119.547627255,"data":"     positif       0.76      0.81      0.79       491\n"}
,{"stream_name":"stdout","time":2119.547630369,"data":"\n"}
,{"stream_name":"stdout","time":2119.547633922,"data":"    accuracy                           0.78      1730\n"}
,{"stream_name":"stdout","time":2119.547652396,"data":"   macro avg       0.73      0.74      0.74      1730\n"}
,{"stream_name":"stdout","time":2119.547657879,"data":"weighted avg       0.78      0.78      0.78      1730\n"}
,{"stream_name":"stdout","time":2119.547662926,"data":"\n"}
,{"stream_name":"stdout","time":2119.547667672,"data":"Distribusi prediksi: {0: 906, 1: 296, 2: 528}\n"}
,{"stream_name":"stdout","time":2119.547672473,"data":"Distribusi aktual  : {0: 937, 1: 302, 2: 491}\n"}
,{"stream_name":"stdout","time":2119.54767688,"data":"Tersimpan: hasil_e1_test_baseline.csv\n"}
,{"stream_name":"stdout","time":2119.547681263,"data":"     tag  accuracy  precision_macro  recall_macro  f1_macro\n"}
,{"stream_name":"stdout","time":2119.547685878,"data":"baseline  0.782659         0.734689      0.740341   0.73707\n"}
,{"stream_name":"stdout","time":2119.571027241,"data":"b (baseline benar, best salah) = 0\n"}
,{"stream_name":"stdout","time":2119.571102549,"data":"c (baseline salah, best benar) = 0\n"}
,{"stream_name":"stdout","time":2119.571111781,"data":"p-value = 1.000000 (tidak signifikan @ 0.05)\n"}
,{"stream_name":"stdout","time":2119.593362985,"data":"=== RINGKASAN E1 (validation) ===\n"}
,{"stream_name":"stdout","time":2119.593386079,"data":"     tag  label_smoothing  accuracy_val  precision_macro_val  recall_macro_val  f1_macro_val status\n"}
,{"stream_name":"stdout","time":2119.593393392,"data":"baseline             0.00      0.758671             0.713491          0.707043      0.709882     OK\n"}
,{"stream_name":"stdout","time":2119.593398509,"data":"   eps05             0.05      0.750000             0.702003          0.697978      0.699665     OK\n"}
,{"stream_name":"stdout","time":2119.593437114,"data":"   eps10             0.10      0.748555             0.700379          0.690922      0.694914     OK\n"}
,{"stream_name":"stdout","time":2119.593442443,"data":"   eps15             0.15      0.750000             0.703707          0.684105      0.690586     OK\n"}
,{"stream_name":"stdout","time":2119.593447147,"data":"\n"}
,{"stream_name":"stdout","time":2119.593451163,"data":"=== RINGKASAN E1 (test) ===\n"}
,{"stream_name":"stdout","time":2119.593454999,"data":"     tag  accuracy  precision_macro  recall_macro  f1_macro\n"}
,{"stream_name":"stdout","time":2119.593458792,"data":"baseline  0.782659         0.734689      0.740341   0.73707\n"}
,{"stream_name":"stdout","time":2119.593462719,"data":"\n"}
,{"stream_name":"stdout","time":2119.593468183,"data":"Tag terbaik: baseline\n"}
,{"stream_name":"stdout","time":2119.593475314,"data":"Entri PASCA eksperimen diisi di docs/LOG_EKSPERIMEN.md setelah run selesai.\n"}
,{"stream_name":"stderr","time":2125.101683499,"data":"/usr/local/lib/python3.12/dist-packages/mistune.py:435: SyntaxWarning: invalid escape sequence '\\|'\n"}
,{"stream_name":"stderr","time":2125.101728645,"data":"  cells[i][c] = re.sub('\\\\\\\\\\|', '|', cell)\n"}
,{"stream_name":"stderr","time":2125.326149568,"data":"/usr/local/lib/python3.12/dist-packages/nbconvert/filters/filter_links.py:36: SyntaxWarning: invalid escape sequence '\\_'\n"}
,{"stream_name":"stderr","time":2125.326176372,"data":"  text = re.sub(r'_', '\\_', text) # Escape underscores in display text\n"}
,{"stream_name":"stderr","time":2126.003919789,"data":"[NbConvertApp] Converting notebook __notebook__.ipynb to notebook\n"}
,{"stream_name":"stderr","time":2126.324346085,"data":"[NbConvertApp] Writing 126268 bytes to __notebook__.ipynb\n"}
,{"stream_name":"stderr","time":2128.602263297,"data":"[NbConvertApp] Converting notebook __notebook__.ipynb to html\n"}
,{"stream_name":"stderr","time":2129.476079122,"data":"[NbConvertApp] Writing 425971 bytes to __results__.html\n"}
]