[{"stream_name":"stderr","time":7.370602815,"data":"0.00s - Debugger warning: It seems that frozen modules are being used, which may\n"}
,{"stream_name":"stderr","time":7.370656658,"data":"0.00s - make the debugger miss breakpoints. Please pass -Xfrozen_modules=off\n"}
,{"stream_name":"stderr","time":7.370661841,"data":"0.00s - to python to disable frozen modules.\n"}
,{"stream_name":"stderr","time":7.370664914,"data":"0.00s - Note: Debugging will proceed. Set PYDEVD_DISABLE_FILE_VALIDATION=1 to disable this validation.\n"}
,{"stream_name":"stderr","time":7.963782192,"data":"0.00s - Debugger warning: It seems that frozen modules are being used, which may\n"}
,{"stream_name":"stderr","time":7.963820709,"data":"0.00s - make the debugger miss breakpoints. Please pass -Xfrozen_modules=off\n"}
,{"stream_name":"stderr","time":7.963826106,"data":"0.00s - to python to disable frozen modules.\n"}
,{"stream_name":"stderr","time":7.963830716,"data":"0.00s - Note: Debugging will proceed. Set PYDEVD_DISABLE_FILE_VALIDATION=1 to disable this validation.\n"}
,{"stream_name":"stdout","time":9.060246721,"data":"CUDA_VISIBLE_DEVICES = 0\n"}
,{"stream_name":"stdout","time":10.44384252,"data":"Found existing installation: torchao 0.10.0\r\n"}
,{"stream_name":"stdout","time":10.545068373,"data":"Uninstalling torchao-0.10.0:\r\n"}
,{"stream_name":"stdout","time":10.848599888,"data":"  Successfully uninstalled torchao-0.10.0\r\n"}
,{"stream_name":"stdout","time":12.853652948,"data":"Collecting transformers==4.46.3\r\n"}
,{"stream_name":"stdout","time":12.853689595,"data":"  Downloading transformers-4.46.3-py3-none-any.whl.metadata (44 kB)\r\n"}
,{"stream_name":"stdout","time":12.853695931,"data":"\u001b[?25l     \u001b[90m━━━━━━━━━━━━━━━━━━━━━━━━━━━━━━━━━━━━━━━━\u001b[0m \u001b[32m0.0/44.1 kB\u001b[0m \u001b[31m?\u001b[0m eta \u001b[36m-:--:--\u001b[0m\r\u001b[2K     \u001b[90m━━━━━━━━━━━━━━━━━━━━━━━━━━━━━━━━━━━━━━━━\u001b[0m \u001b[32m44.1/44.1 kB\u001b[0m \u001b[31m2.5 MB/s\u001b[0m eta \u001b[36m0:00:00\u001b[0m\r\n"}
,{"stream_name":"stdout","time":13.005572856,"data":"\u001b[?25hCollecting peft==0.13.2\r\n"}
,{"stream_name":"stdout","time":13.005610177,"data":"  Downloading peft-0.13.2-py3-none-any.whl.metadata (13 kB)\r\n"}
,{"stream_name":"stdout","time":13.359151038,"data":"Collecting tokenizers==0.20.3\r\n"}
,{"stream_name":"stdout","time":13.359179397,"data":"  Downloading tokenizers-0.20.3-cp312-cp312-manylinux_2_17_x86_64.manylinux2014_x86_64.whl.metadata (6.7 kB)\r\n"}
,{"stream_name":"stdout","time":13.564000706,"data":"Collecting huggingface-hub==0.26.5\r\n"}
,{"stream_name":"stdout","time":13.564036227999999,"data":"  Downloading huggingface_hub-0.26.5-py3-none-any.whl.metadata (13 kB)\r\n"}
,{"stream_name":"stdout","time":13.564040755,"data":"Downloading transformers-4.46.3-py3-none-any.whl (10.0 MB)\r\n"}
,{"stream_name":"stdout","time":13.714542376,"data":"\u001b[?25l   \u001b[90m━━━━━━━━━━━━━━━━━━━━━━━━━━━━━━━━━━━━━━━━\u001b[0m \u001b[32m0.0/10.0 MB\u001b[0m \u001b[31m?\u001b[0m eta \u001b[36m-:--:--\u001b[0m\r\u001b[2K   \u001b[91m━━━━━━━━━━━━━━━━━━━━━━━━━━\u001b[0m\u001b[90m╺\u001b[0m\u001b[90m━━━━━━━━━━━━━\u001b[0m \u001b[32m6.6/10.0 MB\u001b[0m \u001b[31m197.2 MB/s\u001b[0m eta \u001b[36m0:00:01\u001b[0m\r\u001b[2K   \u001b[91m━━━━━━━━━━━━━━━━━━━━━━━━━━━━━━━━━━━━━━━\u001b[0m\u001b[91m╸\u001b[0m \u001b[32m10.0/10.0 MB\u001b[0m \u001b[31m185.4 MB/s\u001b[0m eta \u001b[36m0:00:01\u001b[0m\r\u001b[2K   \u001b[91m━━━━━━━━━━━━━━━━━━━━━━━━━━━━━━━━━━━━━━━\u001b[0m\u001b[91m╸\u001b[0m \u001b[32m10.0/10.0 MB\u001b[0m \u001b[31m185.4 MB/s\u001b[0m eta \u001b[36m0:00:01\u001b[0m\r\u001b[2K   \u001b[90m━━━━━━━━━━━━━━━━━━━━━━━━━━━━━━━━━━━━━━━━\u001b[0m \u001b[32m10.0/10.0 MB\u001b[0m \u001b[31m94.0 MB/s\u001b[0m eta \u001b[36m0:00:00\u001b[0m\r\n"}
,{"stream_name":"stdout","time":13.714600175,"data":"\u001b[?25hDownloading peft-0.13.2-py3-none-any.whl (320 kB)\r\n"}
,{"stream_name":"stdout","time":13.714606618,"data":"\u001b[?25l   \u001b[90m━━━━━━━━━━━━━━━━━━━━━━━━━━━━━━━━━━━━━━━━\u001b[0m \u001b[32m0.0/320.7 kB\u001b[0m \u001b[31m?\u001b[0m eta \u001b[36m-:--:--\u001b[0m\r\u001b[2K   \u001b[90m━━━━━━━━━━━━━━━━━━━━━━━━━━━━━━━━━━━━━━━━\u001b[0m \u001b[32m320.7/320.7 kB\u001b[0m \u001b[31m23.7 MB/s\u001b[0m eta \u001b[36m0:00:00\u001b[0m\r\n"}
,{"stream_name":"stdout","time":13.714613098,"data":"\u001b[?25hDownloading tokenizers-0.20.3-cp312-cp312-manylinux_2_17_x86_64.manylinux2014_x86_64.whl (3.0 MB)\r\n"}
,{"stream_name":"stdout","time":13.765226115,"data":"\u001b[?25l   \u001b[90m━━━━━━━━━━━━━━━━━━━━━━━━━━━━━━━━━━━━━━━━\u001b[0m \u001b[32m0.0/3.0 MB\u001b[0m \u001b[31m?\u001b[0m eta \u001b[36m-:--:--\u001b[0m\r\u001b[2K   \u001b[91m━━━━━━━━━━━━━━━━━━━━━━━━━━━━━━━━━━━━━━━\u001b[0m\u001b[91m╸\u001b[0m \u001b[32m3.0/3.0 MB\u001b[0m \u001b[31m172.0 MB/s\u001b[0m eta \u001b[36m0:00:01\u001b[0m\r\u001b[2K   \u001b[90m━━━━━━━━━━━━━━━━━━━━━━━━━━━━━━━━━━━━━━━━\u001b[0m \u001b[32m3.0/3.0 MB\u001b[0m \u001b[31m76.0 MB/s\u001b[0m eta \u001b[36m0:00:00\u001b[0m\r\n"}
,{"stream_name":"stdout","time":13.765254973,"data":"\u001b[?25hDownloading huggingface_hub-0.26.5-py3-none-any.whl (447 kB)\r\n"}
,{"stream_name":"stdout","time":13.765259804,"data":"\u001b[?25l   \u001b[90m━━━━━━━━━━━━━━━━━━━━━━━━━━━━━━━━━━━━━━━━\u001b[0m \u001b[32m0.0/447.8 kB\u001b[0m \u001b[31m?\u001b[0m eta \u001b[36m-:--:--\u001b[0m\r\u001b[2K   \u001b[90m━━━━━━━━━━━━━━━━━━━━━━━━━━━━━━━━━━━━━━━━\u001b[0m \u001b[32m447.8/447.8 kB\u001b[0m \u001b[31m32.0 MB/s\u001b[0m eta \u001b[36m0:00:00\u001b[0m\r\n"}
,{"stream_name":"stdout","time":13.866540295,"data":"\u001b[?25hInstalling collected packages: transformers, tokenizers, peft, huggingface-hub\r\n"}
,{"stream_name":"stdout","time":13.866564581,"data":"  Attempting uninstall: transformers\r\n"}
,{"stream_name":"stdout","time":14.12003034,"data":"    Found existing installation: transformers 5.0.0\r\n"}
,{"stream_name":"stdout","time":14.525455676,"data":"    Uninstalling transformers-5.0.0:\r\n"}
,{"stream_name":"stdout","time":16.395231356,"data":"      Successfully uninstalled transformers-5.0.0\r\n"}
,{"stream_name":"stdout","time":22.876956667,"data":"  Attempting uninstall: tokenizers\r\n"}
,{"stream_name":"stdout","time":23.129748744,"data":"    Found existing installation: tokenizers 0.22.2\r\n"}
,{"stream_name":"stdout","time":23.129771489,"data":"    Uninstalling tokenizers-0.22.2:\r\n"}
,{"stream_name":"stdout","time":23.181522952,"data":"      Successfully uninstalled tokenizers-0.22.2\r\n"}
,{"stream_name":"stdout","time":23.282344201,"data":"  Attempting uninstall: peft\r\n"}
,{"stream_name":"stdout","time":23.535747291,"data":"    Found existing installation: peft 0.19.1\r\n"}
,{"stream_name":"stdout","time":23.586300734,"data":"    Uninstalling peft-0.19.1:\r\n"}
,{"stream_name":"stdout","time":23.738177397,"data":"      Successfully uninstalled peft-0.19.1\r\n"}
,{"stream_name":"stdout","time":23.991707299,"data":"  Attempting uninstall: huggingface-hub\r\n"}
,{"stream_name":"stdout","time":24.194609466,"data":"    Found existing installation: huggingface_hub 1.11.0\r\n"}
,{"stream_name":"stdout","time":24.194634342,"data":"    Uninstalling huggingface_hub-1.11.0:\r\n"}
,{"stream_name":"stdout","time":24.34622183,"data":"      Successfully uninstalled huggingface_hub-1.11.0\r\n"}
,{"stream_name":"stdout","time":24.599482224,"data":"Successfully installed huggingface-hub-0.26.5 peft-0.13.2 tokenizers-0.20.3 transformers-4.46.3\r\n"}
,{"stream_name":"stdout","time":55.074890109,"data":"python        : 3.12.13 (main, Mar  4 2026, 09:23:07) [GCC 11.4.0]\n"}
,{"stream_name":"stdout","time":55.074930149,"data":"torch         : 2.10.0+cu128\n"}
,{"stream_name":"stdout","time":55.074935221,"data":"transformers  : 4.46.3\n"}
,{"stream_name":"stdout","time":55.074953229,"data":"peft          : 0.13.2\n"}
,{"stream_name":"stdout","time":55.074958331,"data":"cuda available: True\n"}
,{"stream_name":"stdout","time":55.074963297,"data":"gpu count     : 1\n"}
,{"stream_name":"stdout","time":55.074968791,"data":"gpu name      : Tesla T4\n"}
,{"stream_name":"stdout","time":56.986006102,"data":"GPU tersedia: True\n"}
,{"stream_name":"stdout","time":57.190822157,"data":"Isi /kaggle/input:\n"}
,{"stream_name":"stdout","time":57.190859215,"data":"   /kaggle/input/datasets/emanuelembuaijdak/thesis-indobert-processed-data/data_preprocessed_with_emoticon.csv\n"}
,{"stream_name":"stdout","time":57.190866119,"data":"   /kaggle/input/datasets/emanuelembuaijdak/thesis-indobert-processed-data/split_data.pkl\n"}
,{"stream_name":"stdout","time":57.190870883,"data":"CSV ditemukan di: /kaggle/input/datasets/emanuelembuaijdak/thesis-indobert-processed-data/data_preprocessed_with_emoticon.csv\n"}
,{"stream_name":"stdout","time":57.268168436,"data":"Kolom BERT terpilih: text_bert\n"}
,{"stream_name":"stdout","time":57.268202492,"data":"Train set: 6918 | Test set: 1730\n"}
,{"stream_name":"stdout","time":57.295399367,"data":"Distribusi train final:\n"}
,{"stream_name":"stdout","time":57.295424444,"data":"0    3374\n"}
,{"stream_name":"stdout","time":57.295430246,"data":"1    1087\n"}
,{"stream_name":"stdout","time":57.29543509,"data":"2    1765\n"}
,{"stream_name":"stdout","time":57.29543976,"data":"Name: count, dtype: int64\n"}
,{"stream_name":"stdout","time":57.295444532,"data":"\n"}
,{"stream_name":"stdout","time":57.295448998,"data":"Distribusi validation:\n"}
,{"stream_name":"stdout","time":57.29545401,"data":"0    375\n"}
,{"stream_name":"stdout","time":57.295459072,"data":"1    121\n"}
,{"stream_name":"stdout","time":57.295464014,"data":"2    196\n"}
,{"stream_name":"stdout","time":57.29546855,"data":"Name: count, dtype: int64\n"}
,{"stream_name":"stdout","time":57.295493442,"data":"\n"}
,{"stream_name":"stdout","time":57.295498233,"data":"Distribusi test:\n"}
,{"stream_name":"stdout","time":57.29550329,"data":"0    937\n"}
,{"stream_name":"stdout","time":57.295508088,"data":"1    302\n"}
,{"stream_name":"stdout","time":57.295513731,"data":"2    491\n"}
,{"stream_name":"stdout","time":57.295518778,"data":"Name: count, dtype: int64\n"}
,{"stream_name":"stdout","time":57.731866151,"data":"Train 6226 | Val 692 | Test 1730\n"}
,{"stream_name":"stdout","time":57.931890268,"data":"Class weights: [0.75, 1.3200000524520874, 1.0299999713897705] | gamma: 2.0\n"}
,{"stream_name":"stderr","time":91.698444248,"data":"Some weights of BertForSequenceClassification were not initialized from the model checkpoint at indolem/indobertweet-base-uncased and are newly initialized: ['classifier.bias', 'classifier.weight']\n"}
,{"stream_name":"stderr","time":91.698516988,"data":"You should probably TRAIN this model on a down-stream task to be able to use it for predictions and inference.\n"}
,{"stream_name":"stderr","time":91.698525102,"data":"\n"}
,{"stream_name":"stderr","time":91.698529737,"data":"Some weights of BertForSequenceClassification were not initialized from the model checkpoint at indolem/indobertweet-base-uncased and are newly initialized: ['classifier.bias', 'classifier.weight']\n"}
,{"stream_name":"stderr","time":91.69853967,"data":"You should probably TRAIN this model on a down-stream task to be able to use it for predictions and inference.\n"}
,{"stream_name":"stdout","time":633.749917671,"data":"Hasil validation: {'eval_loss': 0.25070005655288696, 'eval_accuracy': 0.7254335260115607, 'eval_precision_macro': 0.6816845950931963, 'eval_recall_macro': 0.7058275519574221, 'eval_f1_macro': 0.6903248782705846, 'eval_runtime': 5.6996, 'eval_samples_per_second': 121.412, 'eval_steps_per_second': 7.72, 'epoch': 5.0}\n"}
,{"stream_name":"stdout","time":639.34345204,"data":"Distribusi prediksi val : {0: 332, 1: 151, 2: 209}\n"}
,{"stream_name":"stdout","time":639.343508783,"data":"Baseline mayoritas val  : acc=0.5419 macro_f1=0.2343\n"}
,{"stream_name":"stdout","time":639.343517769,"data":"STATUS: OK\n"}
,{"stream_name":"stdout","time":639.343522835,"data":"     run  accuracy_val  precision_macro_val  recall_macro_val  f1_macro_val status\n"}
,{"stream_name":"stdout","time":639.343528739,"data":"focal_g2      0.725434             0.681685          0.705828      0.690325     OK\n"}
,{"stream_name":"stdout","time":653.807650028,"data":"              precision    recall  f1-score   support\n"}
,{"stream_name":"stdout","time":653.807693926,"data":"\n"}
,{"stream_name":"stdout","time":653.807699103,"data":"     negatif       0.88      0.72      0.79       937\n"}
,{"stream_name":"stdout","time":653.80770258,"data":"      netral       0.48      0.68      0.56       302\n"}
,{"stream_name":"stdout","time":653.807705956,"data":"     positif       0.72      0.79      0.76       491\n"}
,{"stream_name":"stdout","time":653.807709284,"data":"\n"}
,{"stream_name":"stdout","time":653.807712715,"data":"    accuracy                           0.73      1730\n"}
,{"stream_name":"stdout","time":653.807716135,"data":"   macro avg       0.70      0.73      0.70      1730\n"}
,{"stream_name":"stdout","time":653.807719484,"data":"weighted avg       0.77      0.73      0.74      1730\n"}
,{"stream_name":"stdout","time":653.80772274,"data":"\n"}
,{"stream_name":"stdout","time":653.807725941,"data":"Distribusi prediksi: {0: 766, 1: 426, 2: 538}\n"}
,{"stream_name":"stdout","time":653.807729256,"data":"Distribusi aktual  : {0: 937, 1: 302, 2: 491}\n"}
,{"stream_name":"stdout","time":653.807732539,"data":"Tersimpan: hasil_e5_test.csv\n"}
,{"stream_name":"stdout","time":653.807735807,"data":"     run  accuracy  precision_macro  recall_macro  f1_macro\n"}
,{"stream_name":"stdout","time":653.807739281,"data":"focal_g2  0.734104         0.695429      0.730415  0.704117\n"}
,{"stream_name":"stdout","time":653.875245296,"data":"=== RINGKASAN P2 (focal gamma=2 + CW) ===\n"}
,{"stream_name":"stdout","time":653.875276478,"data":"Validation:\n"}
,{"stream_name":"stdout","time":653.875281103,"data":"     run  accuracy_val  precision_macro_val  recall_macro_val  f1_macro_val status\n"}
,{"stream_name":"stdout","time":653.875307743,"data":"focal_g2      0.725434             0.681685          0.705828      0.690325     OK\n"}
,{"stream_name":"stdout","time":653.875312503,"data":"\n"}
,{"stream_name":"stdout","time":653.875316253,"data":"Test:\n"}
,{"stream_name":"stdout","time":653.875320441,"data":"     run  accuracy  precision_macro  recall_macro  f1_macro\n"}
,{"stream_name":"stdout","time":653.875324537,"data":"focal_g2  0.734104         0.695429      0.730415  0.704117\n"}
,{"stream_name":"stdout","time":653.875328512,"data":"\n"}
,{"stream_name":"stdout","time":653.875331658,"data":"McNemar vs baseline dilakukan OFFLINE setelah pull (verify_metrics --compare).\n"}
,{"stream_name":"stdout","time":653.875335141,"data":"Entri PASCA eksperimen diisi di docs/LOG_EKSPERIMEN.md setelah run selesai.\n"}
,{"stream_name":"stderr","time":658.922322116,"data":"/usr/local/lib/python3.12/dist-packages/mistune.py:435: SyntaxWarning: invalid escape sequence '\\|'\n"}
,{"stream_name":"stderr","time":658.922346787,"data":"  cells[i][c] = re.sub('\\\\\\\\\\|', '|', cell)\n"}
,{"stream_name":"stderr","time":659.090468673,"data":"/usr/local/lib/python3.12/dist-packages/nbconvert/filters/filter_links.py:36: SyntaxWarning: invalid escape sequence '\\_'\n"}
,{"stream_name":"stderr","time":659.090510338,"data":"  text = re.sub(r'_', '\\_', text) # Escape underscores in display text\n"}
,{"stream_name":"stderr","time":659.717137796,"data":"[NbConvertApp] Converting notebook __notebook__.ipynb to notebook\n"}
,{"stream_name":"stderr","time":660.044644346,"data":"[NbConvertApp] Writing 143063 bytes to __notebook__.ipynb\n"}
,{"stream_name":"stderr","time":662.452698725,"data":"[NbConvertApp] Converting notebook __notebook__.ipynb to html\n"}
,{"stream_name":"stderr","time":663.331415209,"data":"[NbConvertApp] Support files will be in __results___files/\n"}
,{"stream_name":"stderr","time":663.331443366,"data":"[NbConvertApp] Making directory __results___files\n"}
,{"stream_name":"stderr","time":663.331877874,"data":"[NbConvertApp] Writing 411352 bytes to __results__.html\n"}
]