[{"stream_name":"stderr","time":5.94519162,"data":"0.00s - Debugger warning: It seems that frozen modules are being used, which may\n"}
,{"stream_name":"stderr","time":5.945246618,"data":"0.00s - make the debugger miss breakpoints. Please pass -Xfrozen_modules=off\n"}
,{"stream_name":"stderr","time":5.945253198,"data":"0.00s - to python to disable frozen modules.\n"}
,{"stream_name":"stderr","time":5.945257407,"data":"0.00s - Note: Debugging will proceed. Set PYDEVD_DISABLE_FILE_VALIDATION=1 to disable this validation.\n"}
,{"stream_name":"stderr","time":6.490361891,"data":"0.00s - Debugger warning: It seems that frozen modules are being used, which may\n"}
,{"stream_name":"stderr","time":6.49039418,"data":"0.00s - make the debugger miss breakpoints. Please pass -Xfrozen_modules=off\n"}
,{"stream_name":"stderr","time":6.490399146,"data":"0.00s - to python to disable frozen modules.\n"}
,{"stream_name":"stderr","time":6.490402855,"data":"0.00s - Note: Debugging will proceed. Set PYDEVD_DISABLE_FILE_VALIDATION=1 to disable this validation.\n"}
,{"stream_name":"stdout","time":7.468780676,"data":"CUDA_VISIBLE_DEVICES = 0\n"}
,{"stream_name":"stdout","time":29.997539053,"data":"python        : 3.12.13 (main, Mar  4 2026, 09:23:07) [GCC 11.4.0]\n"}
,{"stream_name":"stdout","time":29.997577609,"data":"torch         : 2.10.0+cu128\n"}
,{"stream_name":"stdout","time":29.997582566,"data":"transformers  : 5.0.0\n"}
,{"stream_name":"stdout","time":29.997585771,"data":"peft          : 0.19.1\n"}
,{"stream_name":"stdout","time":29.997588829,"data":"cuda available: True\n"}
,{"stream_name":"stdout","time":29.997591776,"data":"gpu count     : 1\n"}
,{"stream_name":"stdout","time":29.997594926,"data":"gpu name      : Tesla T4\n"}
,{"stream_name":"stdout","time":31.048574242,"data":"Found existing installation: torchao 0.10.0\r\n"}
,{"stream_name":"stdout","time":31.099277985,"data":"Uninstalling torchao-0.10.0:\r\n"}
,{"stream_name":"stdout","time":31.404101448,"data":"  Successfully uninstalled torchao-0.10.0\r\n"}
,{"stream_name":"stdout","time":33.439697424,"data":"GPU tersedia: True\n"}
,{"stream_name":"stdout","time":33.462701705,"data":"Isi /kaggle/input:\n"}
,{"stream_name":"stdout","time":33.46272141,"data":"   /kaggle/input/datasets/emanuelembuaijdak/thesis-indobert-processed-data/data_preprocessed_with_emoticon.csv\n"}
,{"stream_name":"stdout","time":33.462727907,"data":"   /kaggle/input/datasets/emanuelembuaijdak/thesis-indobert-processed-data/split_data.pkl\n"}
,{"stream_name":"stderr","time":37.105435984,"data":"Traceback (most recent call last):\n"}
,{"stream_name":"stderr","time":37.105461434,"data":"  File \"\u003cstring\u003e\", line 1, in \u003cmodule\u003e\n"}
,{"stream_name":"stderr","time":37.105466292,"data":"  File \"/usr/local/lib/python3.12/dist-packages/papermill/execute.py\", line 131, in execute_notebook\n"}
,{"stream_name":"stderr","time":37.105622367,"data":"    raise_for_execution_errors(nb, output_path)\n"}
,{"stream_name":"stderr","time":37.105634269,"data":"  File \"/usr/local/lib/python3.12/dist-packages/papermill/execute.py\", line 251, in raise_for_execution_errors\n"}
,{"stream_name":"stderr","time":37.105835451,"data":"    raise error\n"}
,{"stream_name":"stderr","time":37.105925946,"data":"papermill.exceptions.PapermillExecutionError: \n"}
,{"stream_name":"stderr","time":37.10593406,"data":"---------------------------------------------------------------------------\n"}
,{"stream_name":"stderr","time":37.105939764,"data":"Exception encountered at \"In [6]\":\n"}
,{"stream_name":"stderr","time":37.105944374,"data":"---------------------------------------------------------------------------\n"}
,{"stream_name":"stderr","time":37.105960397,"data":"FileNotFoundError                         Traceback (most recent call last)\n"}
,{"stream_name":"stderr","time":37.105964282,"data":"/tmp/ipykernel_24/3916848833.py in \u003ccell line: 0\u003e()\n"}
,{"stream_name":"stderr","time":37.105968019,"data":"     20 csv_path = f\"{DATASET_DIR}/data_preprocessed_with_emoticon.csv\"\n"}
,{"stream_name":"stderr","time":37.105971624,"data":"     21 if csv_path not in mounted:\n"}
,{"stream_name":"stderr","time":37.10597502,"data":"---\u003e 22     raise FileNotFoundError(\n"}
,{"stream_name":"stderr","time":37.105978517,"data":"     23         \"CSV dataset tidak ditemukan di mount. Ter-mount: \"\n"}
,{"stream_name":"stderr","time":37.105982185,"data":"     24         + (str(mounted) if mounted else \"TIDAK ADA APA PUN\")\n"}
,{"stream_name":"stderr","time":37.105985754,"data":"\n"}
,{"stream_name":"stderr","time":37.105989905,"data":"FileNotFoundError: CSV dataset tidak ditemukan di mount. Ter-mount: ['/kaggle/input/datasets/emanuelembuaijdak/thesis-indobert-processed-data/data_preprocessed_with_emoticon.csv', '/kaggle/input/datasets/emanuelembuaijdak/thesis-indobert-processed-data/split_data.pkl'] - cek dataset_sources di kernel-metadata.json / attach manual via UI.\n"}
,{"stream_name":"stderr","time":37.106009065,"data":"\n"}
,{"stream_name":"stderr","time":39.103481507,"data":"/usr/local/lib/python3.12/dist-packages/mistune.py:435: SyntaxWarning: invalid escape sequence '\\|'\n"}
,{"stream_name":"stderr","time":39.10350684,"data":"  cells[i][c] = re.sub('\\\\\\\\\\|', '|', cell)\n"}
,{"stream_name":"stderr","time":39.239540923,"data":"/usr/local/lib/python3.12/dist-packages/nbconvert/filters/filter_links.py:36: SyntaxWarning: invalid escape sequence '\\_'\n"}
,{"stream_name":"stderr","time":39.239572946,"data":"  text = re.sub(r'_', '\\_', text) # Escape underscores in display text\n"}
,{"stream_name":"stderr","time":39.807346679,"data":"[NbConvertApp] Converting notebook __notebook__.ipynb to notebook\n"}
,{"stream_name":"stderr","time":40.103027651,"data":"[NbConvertApp] Writing 30633 bytes to __notebook__.ipynb\n"}
,{"stream_name":"stderr","time":42.394638881,"data":"[NbConvertApp] Converting notebook __notebook__.ipynb to html\n"}
,{"stream_name":"stderr","time":43.200242513,"data":"[NbConvertApp] Writing 348846 bytes to __results__.html\n"}
]