[{"stream_name":"stderr","time":6.775828427,"data":"0.00s - Debugger warning: It seems that frozen modules are being used, which may\n"}
,{"stream_name":"stderr","time":6.775881457,"data":"0.00s - make the debugger miss breakpoints. Please pass -Xfrozen_modules=off\n"}
,{"stream_name":"stderr","time":6.775887197,"data":"0.00s - to python to disable frozen modules.\n"}
,{"stream_name":"stderr","time":6.775889976,"data":"0.00s - Note: Debugging will proceed. Set PYDEVD_DISABLE_FILE_VALIDATION=1 to disable this validation.\n"}
,{"stream_name":"stderr","time":7.342154956,"data":"0.00s - Debugger warning: It seems that frozen modules are being used, which may\n"}
,{"stream_name":"stderr","time":7.342188286,"data":"0.00s - make the debugger miss breakpoints. Please pass -Xfrozen_modules=off\n"}
,{"stream_name":"stderr","time":7.342196645,"data":"0.00s - to python to disable frozen modules.\n"}
,{"stream_name":"stderr","time":7.342199453,"data":"0.00s - Note: Debugging will proceed. Set PYDEVD_DISABLE_FILE_VALIDATION=1 to disable this validation.\n"}
,{"stream_name":"stdout","time":9.699798758,"data":"Found existing installation: torchao 0.10.0\r\n"}
,{"stream_name":"stdout","time":9.750114777,"data":"Uninstalling torchao-0.10.0:\r\n"}
,{"stream_name":"stdout","time":10.104712733,"data":"  Successfully uninstalled torchao-0.10.0\r\n"}
,{"stream_name":"stdout","time":12.060098329,"data":"Collecting transformers==4.46.3\r\n"}
,{"stream_name":"stdout","time":12.111165877,"data":"  Downloading transformers-4.46.3-py3-none-any.whl.metadata (44 kB)\r\n"}
,{"stream_name":"stdout","time":12.161516977,"data":"\u001b[?25l     \u001b[90m━━━━━━━━━━━━━━━━━━━━━━━━━━━━━━━━━━━━━━━━\u001b[0m \u001b[32m0.0/44.1 kB\u001b[0m \u001b[31m?\u001b[0m eta \u001b[36m-:--:--\u001b[0m\r\u001b[2K     \u001b[90m━━━━━━━━━━━━━━━━━━━━━━━━━━━━━━━━━━━━━━━━\u001b[0m \u001b[32m44.1/44.1 kB\u001b[0m \u001b[31m1.3 MB/s\u001b[0m eta \u001b[36m0:00:00\u001b[0m\r\n"}
,{"stream_name":"stdout","time":12.313347463,"data":"\u001b[?25hCollecting peft==0.13.2\r\n"}
,{"stream_name":"stdout","time":12.313371491,"data":"  Downloading peft-0.13.2-py3-none-any.whl.metadata (13 kB)\r\n"}
,{"stream_name":"stdout","time":12.668297300999999,"data":"Collecting tokenizers==0.20.3\r\n"}
,{"stream_name":"stdout","time":12.668324872,"data":"  Downloading tokenizers-0.20.3-cp312-cp312-manylinux_2_17_x86_64.manylinux2014_x86_64.whl.metadata (6.7 kB)\r\n"}
,{"stream_name":"stdout","time":12.871052342,"data":"Collecting huggingface-hub==0.26.5\r\n"}
,{"stream_name":"stdout","time":12.871078622,"data":"  Downloading huggingface_hub-0.26.5-py3-none-any.whl.metadata (13 kB)\r\n"}
,{"stream_name":"stdout","time":12.92172358,"data":"Downloading transformers-4.46.3-py3-none-any.whl (10.0 MB)\r\n"}
,{"stream_name":"stdout","time":13.125117469,"data":"\u001b[?25l   \u001b[90m━━━━━━━━━━━━━━━━━━━━━━━━━━━━━━━━━━━━━━━━\u001b[0m \u001b[32m0.0/10.0 MB\u001b[0m \u001b[31m?\u001b[0m eta \u001b[36m-:--:--\u001b[0m\r\u001b[2K   \u001b[91m━\u001b[0m\u001b[90m╺\u001b[0m\u001b[90m━━━━━━━━━━━━━━━━━━━━━━━━━━━━━━━━━━━━━━\u001b[0m \u001b[32m0.3/10.0 MB\u001b[0m \u001b[31m9.9 MB/s\u001b[0m eta \u001b[36m0:00:01\u001b[0m\r\u001b[2K   \u001b[91m━━━━━━\u001b[0m\u001b[91m╸\u001b[0m\u001b[90m━━━━━━━━━━━━━━━━━━━━━━━━━━━━━━━━━\u001b[0m \u001b[32m1.6/10.0 MB\u001b[0m \u001b[31m24.1 MB/s\u001b[0m eta \u001b[36m0:00:01\u001b[0m\r\u001b[2K   \u001b[91m━━━━━━━━━━━━━━━━━━━━━━━━━━\u001b[0m\u001b[90m╺\u001b[0m\u001b[90m━━━━━━━━━━━━━\u001b[0m \u001b[32m6.6/10.0 MB\u001b[0m \u001b[31m63.5 MB/s\u001b[0m eta \u001b[36m0:00:01\u001b[0m\r\u001b[2K   \u001b[91m━━━━━━━━━━━━━━━━━━━━━━━━━━━━━━━━━━━━━━━\u001b[0m\u001b[91m╸\u001b[0m \u001b[32m10.0/10.0 MB\u001b[0m \u001b[31m83.3 MB/s\u001b[0m eta \u001b[36m0:00:01\u001b[0m\r\u001b[2K   \u001b[90m━━━━━━━━━━━━━━━━━━━━━━━━━━━━━━━━━━━━━━━━\u001b[0m \u001b[32m10.0/10.0 MB\u001b[0m \u001b[31m60.1 MB/s\u001b[0m eta \u001b[36m0:00:00\u001b[0m\r\n"}
,{"stream_name":"stdout","time":13.125188174,"data":"\u001b[?25hDownloading peft-0.13.2-py3-none-any.whl (320 kB)\r\n"}
,{"stream_name":"stdout","time":13.125193457,"data":"\u001b[?25l   \u001b[90m━━━━━━━━━━━━━━━━━━━━━━━━━━━━━━━━━━━━━━━━\u001b[0m \u001b[32m0.0/320.7 kB\u001b[0m \u001b[31m?\u001b[0m eta \u001b[36m-:--:--\u001b[0m\r\u001b[2K   \u001b[90m━━━━━━━━━━━━━━━━━━━━━━━━━━━━━━━━━━━━━━━━\u001b[0m \u001b[32m320.7/320.7 kB\u001b[0m \u001b[31m20.2 MB/s\u001b[0m eta \u001b[36m0:00:00\u001b[0m\r\n"}
,{"stream_name":"stdout","time":13.176272389,"data":"\u001b[?25hDownloading tokenizers-0.20.3-cp312-cp312-manylinux_2_17_x86_64.manylinux2014_x86_64.whl (3.0 MB)\r\n"}
,{"stream_name":"stdout","time":13.226788907,"data":"\u001b[?25l   \u001b[90m━━━━━━━━━━━━━━━━━━━━━━━━━━━━━━━━━━━━━━━━\u001b[0m \u001b[32m0.0/3.0 MB\u001b[0m \u001b[31m?\u001b[0m eta \u001b[36m-:--:--\u001b[0m\r\u001b[2K   \u001b[90m━━━━━━━━━━━━━━━━━━━━━━━━━━━━━━━━━━━━━━━━\u001b[0m \u001b[32m3.0/3.0 MB\u001b[0m \u001b[31m92.0 MB/s\u001b[0m eta \u001b[36m0:00:00\u001b[0m\r\n"}
,{"stream_name":"stdout","time":13.226818841,"data":"\u001b[?25hDownloading huggingface_hub-0.26.5-py3-none-any.whl (447 kB)\r\n"}
,{"stream_name":"stdout","time":13.226842235,"data":"\u001b[?25l   \u001b[90m━━━━━━━━━━━━━━━━━━━━━━━━━━━━━━━━━━━━━━━━\u001b[0m \u001b[32m0.0/447.8 kB\u001b[0m \u001b[31m?\u001b[0m eta \u001b[36m-:--:--\u001b[0m\r\u001b[2K   \u001b[90m━━━━━━━━━━━━━━━━━━━━━━━━━━━━━━━━━━━━━━━━\u001b[0m \u001b[32m447.8/447.8 kB\u001b[0m \u001b[31m31.6 MB/s\u001b[0m eta \u001b[36m0:00:00\u001b[0m\r\n"}
,{"stream_name":"stdout","time":13.277552479,"data":"\u001b[?25hInstalling collected packages: transformers, tokenizers, peft, huggingface-hub\r\n"}
,{"stream_name":"stdout","time":13.277573144,"data":"  Attempting uninstall: transformers\r\n"}
,{"stream_name":"stdout","time":13.581684891,"data":"    Found existing installation: transformers 5.0.0\r\n"}
,{"stream_name":"stdout","time":13.935630863,"data":"    Uninstalling transformers-5.0.0:\r\n"}
,{"stream_name":"stdout","time":15.557444233,"data":"      Successfully uninstalled transformers-5.0.0\r\n"}
,{"stream_name":"stdout","time":21.8855232,"data":"  Attempting uninstall: tokenizers\r\n"}
,{"stream_name":"stdout","time":22.138616223,"data":"    Found existing installation: tokenizers 0.22.2\r\n"}
,{"stream_name":"stdout","time":22.138644225,"data":"    Uninstalling tokenizers-0.22.2:\r\n"}
,{"stream_name":"stdout","time":22.189194146,"data":"      Successfully uninstalled tokenizers-0.22.2\r\n"}
,{"stream_name":"stdout","time":22.290715399,"data":"  Attempting uninstall: peft\r\n"}
,{"stream_name":"stdout","time":22.543917021,"data":"    Found existing installation: peft 0.19.1\r\n"}
,{"stream_name":"stdout","time":22.594461034,"data":"    Uninstalling peft-0.19.1:\r\n"}
,{"stream_name":"stdout","time":22.746936134,"data":"      Successfully uninstalled peft-0.19.1\r\n"}
,{"stream_name":"stdout","time":22.950149658,"data":"  Attempting uninstall: huggingface-hub\r\n"}
,{"stream_name":"stdout","time":23.154440809,"data":"    Found existing installation: huggingface_hub 1.11.0\r\n"}
,{"stream_name":"stdout","time":23.154476974,"data":"    Uninstalling huggingface_hub-1.11.0:\r\n"}
,{"stream_name":"stdout","time":23.306096871,"data":"      Successfully uninstalled huggingface_hub-1.11.0\r\n"}
,{"stream_name":"stdout","time":23.559129507,"data":"Successfully installed huggingface-hub-0.26.5 peft-0.13.2 tokenizers-0.20.3 transformers-4.46.3\r\n"}
,{"stream_name":"stdout","time":23.763550062,"data":"CUDA_VISIBLE_DEVICES = 0\n"}
,{"stream_name":"stdout","time":41.097842996,"data":"python : 3.12.13 (main, Mar  4 2026, 09:23:07) [GCC 11.4.0]\n"}
,{"stream_name":"stdout","time":41.097870721,"data":"tf     : 2.20.0\n"}
,{"stream_name":"stdout","time":41.097877083,"data":"gpus   : [PhysicalDevice(name='/physical_device:GPU:0', device_type='GPU')]\n"}
,{"stream_name":"stderr","time":44.960387853,"data":"Traceback (most recent call last):\n"}
,{"stream_name":"stderr","time":44.960434545,"data":"  File \"\u003cstring\u003e\", line 1, in \u003cmodule\u003e\n"}
,{"stream_name":"stderr","time":44.960442626,"data":"  File \"/usr/local/lib/python3.12/dist-packages/papermill/execute.py\", line 131, in execute_notebook\n"}
,{"stream_name":"stderr","time":44.960448421,"data":"    raise_for_execution_errors(nb, output_path)\n"}
,{"stream_name":"stderr","time":44.960463953,"data":"  File \"/usr/local/lib/python3.12/dist-packages/papermill/execute.py\", line 251, in raise_for_execution_errors\n"}
,{"stream_name":"stderr","time":44.960620296,"data":"    raise error\n"}
,{"stream_name":"stderr","time":44.960713763,"data":"papermill.exceptions.PapermillExecutionError: \n"}
,{"stream_name":"stderr","time":44.960739425,"data":"---------------------------------------------------------------------------\n"}
,{"stream_name":"stderr","time":44.960746956,"data":"Exception encountered at \"In [4]\":\n"}
,{"stream_name":"stderr","time":44.960751608,"data":"---------------------------------------------------------------------------\n"}
,{"stream_name":"stderr","time":44.960756157,"data":"NameError                                 Traceback (most recent call last)\n"}
,{"stream_name":"stderr","time":44.960760632,"data":"/tmp/ipykernel_23/4284877203.py in \u003ccell line: 0\u003e()\n"}
,{"stream_name":"stderr","time":44.960765356,"data":"     21             \"batch_size\": 32,\n"}
,{"stream_name":"stderr","time":44.960769785,"data":"     22             \"patience\": 5,\n"}
,{"stream_name":"stderr","time":44.96077429,"data":"---\u003e 23             \"restore_best_weights\": true,\n"}
,{"stream_name":"stderr","time":44.960778847,"data":"     24             \"reduce_lr\": true,\n"}
,{"stream_name":"stderr","time":44.960783362,"data":"     25             \"class_weight\": false\n"}
,{"stream_name":"stderr","time":44.960787838,"data":"\n"}
,{"stream_name":"stderr","time":44.960798128,"data":"NameError: name 'true' is not defined\n"}
,{"stream_name":"stderr","time":44.960801599,"data":"\n"}
,{"stream_name":"stderr","time":47.039919052,"data":"/usr/local/lib/python3.12/dist-packages/mistune.py:435: SyntaxWarning: invalid escape sequence '\\|'\n"}
,{"stream_name":"stderr","time":47.039949547,"data":"  cells[i][c] = re.sub('\\\\\\\\\\|', '|', cell)\n"}
,{"stream_name":"stderr","time":47.191174954,"data":"/usr/local/lib/python3.12/dist-packages/nbconvert/filters/filter_links.py:36: SyntaxWarning: invalid escape sequence '\\_'\n"}
,{"stream_name":"stderr","time":47.191201338,"data":"  text = re.sub(r'_', '\\_', text) # Escape underscores in display text\n"}
,{"stream_name":"stderr","time":47.80160042,"data":"[NbConvertApp] Converting notebook __notebook__.ipynb to notebook\n"}
,{"stream_name":"stderr","time":48.099500749,"data":"[NbConvertApp] Writing 34206 bytes to __notebook__.ipynb\n"}
,{"stream_name":"stderr","time":50.43787483,"data":"[NbConvertApp] Converting notebook __notebook__.ipynb to html\n"}
,{"stream_name":"stderr","time":51.340895281,"data":"[NbConvertApp] Writing 368831 bytes to __results__.html\n"}
]