[{"stream_name":"stderr","time":7.557297072,"data":"0.00s - Debugger warning: It seems that frozen modules are being used, which may\n"}
,{"stream_name":"stderr","time":7.557375552,"data":"0.00s - make the debugger miss breakpoints. Please pass -Xfrozen_modules=off\n"}
,{"stream_name":"stderr","time":7.557382971,"data":"0.00s - to python to disable frozen modules.\n"}
,{"stream_name":"stderr","time":7.55738795,"data":"0.00s - Note: Debugging will proceed. Set PYDEVD_DISABLE_FILE_VALIDATION=1 to disable this validation.\n"}
,{"stream_name":"stderr","time":8.22115721,"data":"0.00s - Debugger warning: It seems that frozen modules are being used, which may\n"}
,{"stream_name":"stderr","time":8.221200326,"data":"0.00s - make the debugger miss breakpoints. Please pass -Xfrozen_modules=off\n"}
,{"stream_name":"stderr","time":8.221204835,"data":"0.00s - to python to disable frozen modules.\n"}
,{"stream_name":"stderr","time":8.221228289,"data":"0.00s - Note: Debugging will proceed. Set PYDEVD_DISABLE_FILE_VALIDATION=1 to disable this validation.\n"}
,{"stream_name":"stdout","time":10.742319418,"data":"Found existing installation: torchao 0.10.0\r\n"}
,{"stream_name":"stdout","time":10.843403122,"data":"Uninstalling torchao-0.10.0:\r\n"}
,{"stream_name":"stdout","time":11.199366561,"data":"  Successfully uninstalled torchao-0.10.0\r\n"}
,{"stream_name":"stdout","time":13.182461715,"data":"Collecting transformers==4.46.3\r\n"}
,{"stream_name":"stdout","time":13.233488629,"data":"  Downloading transformers-4.46.3-py3-none-any.whl.metadata (44 kB)\r\n"}
,{"stream_name":"stdout","time":13.284533498,"data":"\u001b[?25l     \u001b[90m━━━━━━━━━━━━━━━━━━━━━━━━━━━━━━━━━━━━━━━━\u001b[0m \u001b[32m0.0/44.1 kB\u001b[0m \u001b[31m?\u001b[0m eta \u001b[36m-:--:--\u001b[0m\r\u001b[2K     \u001b[90m━━━━━━━━━━━━━━━━━━━━━━━━━━━━━━━━━━━━━━━━\u001b[0m \u001b[32m44.1/44.1 kB\u001b[0m \u001b[31m1.7 MB/s\u001b[0m eta \u001b[36m0:00:00\u001b[0m\r\n"}
,{"stream_name":"stdout","time":13.386224486,"data":"\u001b[?25hCollecting peft==0.13.2\r\n"}
,{"stream_name":"stdout","time":13.437126045,"data":"  Downloading peft-0.13.2-py3-none-any.whl.metadata (13 kB)\r\n"}
,{"stream_name":"stdout","time":13.792707808,"data":"Collecting tokenizers==0.20.3\r\n"}
,{"stream_name":"stdout","time":13.792733245,"data":"  Downloading tokenizers-0.20.3-cp312-cp312-manylinux_2_17_x86_64.manylinux2014_x86_64.whl.metadata (6.7 kB)\r\n"}
,{"stream_name":"stdout","time":13.995755973,"data":"Collecting huggingface-hub==0.26.5\r\n"}
,{"stream_name":"stdout","time":13.995784215,"data":"  Downloading huggingface_hub-0.26.5-py3-none-any.whl.metadata (13 kB)\r\n"}
,{"stream_name":"stdout","time":14.046868423,"data":"Downloading transformers-4.46.3-py3-none-any.whl (10.0 MB)\r\n"}
,{"stream_name":"stdout","time":14.199692292,"data":"\u001b[?25l   \u001b[90m━━━━━━━━━━━━━━━━━━━━━━━━━━━━━━━━━━━━━━━━\u001b[0m \u001b[32m0.0/10.0 MB\u001b[0m \u001b[31m?\u001b[0m eta \u001b[36m-:--:--\u001b[0m\r\u001b[2K   \u001b[91m━━━━\u001b[0m\u001b[90m╺\u001b[0m\u001b[90m━━━━━━━━━━━━━━━━━━━━━━━━━━━━━━━━━━━\u001b[0m \u001b[32m1.0/10.0 MB\u001b[0m \u001b[31m30.5 MB/s\u001b[0m eta \u001b[36m0:00:01\u001b[0m\r\u001b[2K   \u001b[91m━━━━━━━━━━━━━━━━━━━━━━━━━━━\u001b[0m\u001b[90m╺\u001b[0m\u001b[90m━━━━━━━━━━━━\u001b[0m \u001b[32m6.8/10.0 MB\u001b[0m \u001b[31m99.1 MB/s\u001b[0m eta \u001b[36m0:00:01\u001b[0m\r\u001b[2K   \u001b[91m━━━━━━━━━━━━━━━━━━━━━━━━━━━━━━━━━━━━━━━\u001b[0m\u001b[91m╸\u001b[0m \u001b[32m10.0/10.0 MB\u001b[0m \u001b[31m120.1 MB/s\u001b[0m eta \u001b[36m0:00:01\u001b[0m\r\u001b[2K   \u001b[90m━━━━━━━━━━━━━━━━━━━━━━━━━━━━━━━━━━━━━━━━\u001b[0m \u001b[32m10.0/10.0 MB\u001b[0m \u001b[31m77.8 MB/s\u001b[0m eta \u001b[36m0:00:00\u001b[0m\r\n"}
,{"stream_name":"stdout","time":14.199743809,"data":"\u001b[?25hDownloading peft-0.13.2-py3-none-any.whl (320 kB)\r\n"}
,{"stream_name":"stdout","time":14.199747235,"data":"\u001b[?25l   \u001b[90m━━━━━━━━━━━━━━━━━━━━━━━━━━━━━━━━━━━━━━━━\u001b[0m \u001b[32m0.0/320.7 kB\u001b[0m \u001b[31m?\u001b[0m eta \u001b[36m-:--:--\u001b[0m\r\u001b[2K   \u001b[90m━━━━━━━━━━━━━━━━━━━━━━━━━━━━━━━━━━━━━━━━\u001b[0m \u001b[32m320.7/320.7 kB\u001b[0m \u001b[31m20.8 MB/s\u001b[0m eta \u001b[36m0:00:00\u001b[0m\r\n"}
,{"stream_name":"stdout","time":14.250398886,"data":"\u001b[?25hDownloading tokenizers-0.20.3-cp312-cp312-manylinux_2_17_x86_64.manylinux2014_x86_64.whl (3.0 MB)\r\n"}
,{"stream_name":"stdout","time":14.250419575,"data":"\u001b[?25l   \u001b[90m━━━━━━━━━━━━━━━━━━━━━━━━━━━━━━━━━━━━━━━━\u001b[0m \u001b[32m0.0/3.0 MB\u001b[0m \u001b[31m?\u001b[0m eta \u001b[36m-:--:--\u001b[0m\r\u001b[2K   \u001b[90m━━━━━━━━━━━━━━━━━━━━━━━━━━━━━━━━━━━━━━━━\u001b[0m \u001b[32m3.0/3.0 MB\u001b[0m \u001b[31m96.2 MB/s\u001b[0m eta \u001b[36m0:00:00\u001b[0m\r\n"}
,{"stream_name":"stdout","time":14.301708458,"data":"\u001b[?25hDownloading huggingface_hub-0.26.5-py3-none-any.whl (447 kB)\r\n"}
,{"stream_name":"stdout","time":14.301731652,"data":"\u001b[?25l   \u001b[90m━━━━━━━━━━━━━━━━━━━━━━━━━━━━━━━━━━━━━━━━\u001b[0m \u001b[32m0.0/447.8 kB\u001b[0m \u001b[31m?\u001b[0m eta \u001b[36m-:--:--\u001b[0m\r\u001b[2K   \u001b[90m━━━━━━━━━━━━━━━━━━━━━━━━━━━━━━━━━━━━━━━━\u001b[0m \u001b[32m447.8/447.8 kB\u001b[0m \u001b[31m30.1 MB/s\u001b[0m eta \u001b[36m0:00:00\u001b[0m\r\n"}
,{"stream_name":"stdout","time":14.352784649,"data":"\u001b[?25hInstalling collected packages: transformers, tokenizers, peft, huggingface-hub\r\n"}
,{"stream_name":"stdout","time":14.35280889,"data":"  Attempting uninstall: transformers\r\n"}
,{"stream_name":"stdout","time":14.657647598,"data":"    Found existing installation: transformers 5.0.0\r\n"}
,{"stream_name":"stdout","time":15.012420859,"data":"    Uninstalling transformers-5.0.0:\r\n"}
,{"stream_name":"stdout","time":16.838335685,"data":"      Successfully uninstalled transformers-5.0.0\r\n"}
,{"stream_name":"stdout","time":23.745908422,"data":"  Attempting uninstall: tokenizers\r\n"}
,{"stream_name":"stdout","time":24.05060321,"data":"    Found existing installation: tokenizers 0.22.2\r\n"}
,{"stream_name":"stdout","time":24.050647416,"data":"    Uninstalling tokenizers-0.22.2:\r\n"}
,{"stream_name":"stdout","time":24.101193341,"data":"      Successfully uninstalled tokenizers-0.22.2\r\n"}
,{"stream_name":"stdout","time":24.202944322,"data":"  Attempting uninstall: peft\r\n"}
,{"stream_name":"stdout","time":24.457065846,"data":"    Found existing installation: peft 0.19.1\r\n"}
,{"stream_name":"stdout","time":24.507929452,"data":"    Uninstalling peft-0.19.1:\r\n"}
,{"stream_name":"stdout","time":24.71156401,"data":"      Successfully uninstalled peft-0.19.1\r\n"}
,{"stream_name":"stdout","time":24.914762313,"data":"  Attempting uninstall: huggingface-hub\r\n"}
,{"stream_name":"stdout","time":25.117513603,"data":"    Found existing installation: huggingface_hub 1.11.0\r\n"}
,{"stream_name":"stdout","time":25.168059313,"data":"    Uninstalling huggingface_hub-1.11.0:\r\n"}
,{"stream_name":"stdout","time":25.320181855,"data":"      Successfully uninstalled huggingface_hub-1.11.0\r\n"}
,{"stream_name":"stdout","time":25.624850883,"data":"Successfully installed huggingface-hub-0.26.5 peft-0.13.2 tokenizers-0.20.3 transformers-4.46.3\r\n"}
,{"stream_name":"stdout","time":25.824706298,"data":"CUDA_VISIBLE_DEVICES = 0\n"}
,{"stream_name":"stdout","time":44.247465449,"data":"python : 3.12.13 (main, Mar  4 2026, 09:23:07) [GCC 11.4.0]\n"}
,{"stream_name":"stdout","time":44.247522394,"data":"tf     : 2.20.0\n"}
,{"stream_name":"stdout","time":44.247530026,"data":"gpus   : [PhysicalDevice(name='/physical_device:GPU:0', device_type='GPU')]\n"}
,{"stream_name":"stdout","time":44.6409329,"data":"GPU tersedia: True\n"}
,{"stream_name":"stderr","time":47.764433858,"data":"Traceback (most recent call last):\n"}
,{"stream_name":"stderr","time":47.764463082,"data":"  File \"\u003cstring\u003e\", line 1, in \u003cmodule\u003e\n"}
,{"stream_name":"stderr","time":47.764469268,"data":"  File \"/usr/local/lib/python3.12/dist-packages/papermill/execute.py\", line 131, in execute_notebook\n"}
,{"stream_name":"stderr","time":47.764646042,"data":"    raise_for_execution_errors(nb, output_path)\n"}
,{"stream_name":"stderr","time":47.764661715,"data":"  File \"/usr/local/lib/python3.12/dist-packages/papermill/execute.py\", line 251, in raise_for_execution_errors\n"}
,{"stream_name":"stderr","time":47.764806403,"data":"    raise error\n"}
,{"stream_name":"stderr","time":47.764908488,"data":"papermill.exceptions.PapermillExecutionError: \n"}
,{"stream_name":"stderr","time":47.764923132,"data":"---------------------------------------------------------------------------\n"}
,{"stream_name":"stderr","time":47.764928442,"data":"Exception encountered at \"In [5]\":\n"}
,{"stream_name":"stderr","time":47.764932848,"data":"---------------------------------------------------------------------------\n"}
,{"stream_name":"stderr","time":47.764937067,"data":"NameError                                 Traceback (most recent call last)\n"}
,{"stream_name":"stderr","time":47.764941774,"data":"/tmp/ipykernel_23/4271485971.py in \u003ccell line: 0\u003e()\n"}
,{"stream_name":"stderr","time":47.764946412,"data":"      3 # =====================================================\n"}
,{"stream_name":"stderr","time":47.764950865,"data":"      4 d = load_lstm_data(\n"}
,{"stream_name":"stderr","time":47.764955037,"data":"----\u003e 5     max_words=CONFIG[\"params\"][\"max_words\"],\n"}
,{"stream_name":"stderr","time":47.76496001,"data":"      6     max_len=CONFIG[\"params\"][\"max_len\"],\n"}
,{"stream_name":"stderr","time":47.764964629,"data":"      7     test_size=0.2,\n"}
,{"stream_name":"stderr","time":47.764969213,"data":"\n"}
,{"stream_name":"stderr","time":47.764974082,"data":"NameError: name 'CONFIG' is not defined\n"}
,{"stream_name":"stderr","time":47.764978377,"data":"\n"}
,{"stream_name":"stderr","time":49.93116378,"data":"/usr/local/lib/python3.12/dist-packages/mistune.py:435: SyntaxWarning: invalid escape sequence '\\|'\n"}
,{"stream_name":"stderr","time":49.93119852,"data":"  cells[i][c] = re.sub('\\\\\\\\\\|', '|', cell)\n"}
,{"stream_name":"stderr","time":50.090544483,"data":"/usr/local/lib/python3.12/dist-packages/nbconvert/filters/filter_links.py:36: SyntaxWarning: invalid escape sequence '\\_'\n"}
,{"stream_name":"stderr","time":50.090596172,"data":"  text = re.sub(r'_', '\\_', text) # Escape underscores in display text\n"}
,{"stream_name":"stderr","time":50.785992597,"data":"[NbConvertApp] Converting notebook __notebook__.ipynb to notebook\n"}
,{"stream_name":"stderr","time":51.128042257,"data":"[NbConvertApp] Writing 36440 bytes to __notebook__.ipynb\n"}
,{"stream_name":"stderr","time":53.618060631,"data":"[NbConvertApp] Converting notebook __notebook__.ipynb to html\n"}
,{"stream_name":"stderr","time":54.530231764,"data":"[NbConvertApp] Writing 374308 bytes to __results__.html\n"}
]