[{"stream_name":"stderr","time":7.872561441,"data":"0.00s - Debugger warning: It seems that frozen modules are being used, which may\n"}
,{"stream_name":"stderr","time":7.87347231,"data":"0.00s - make the debugger miss breakpoints. Please pass -Xfrozen_modules=off\n"}
,{"stream_name":"stderr","time":7.873477039,"data":"0.00s - to python to disable frozen modules.\n"}
,{"stream_name":"stderr","time":7.873479884,"data":"0.00s - Note: Debugging will proceed. Set PYDEVD_DISABLE_FILE_VALIDATION=1 to disable this validation.\n"}
,{"stream_name":"stderr","time":8.513821609,"data":"0.00s - Debugger warning: It seems that frozen modules are being used, which may\n"}
,{"stream_name":"stderr","time":8.513858294,"data":"0.00s - make the debugger miss breakpoints. Please pass -Xfrozen_modules=off\n"}
,{"stream_name":"stderr","time":8.51386316,"data":"0.00s - to python to disable frozen modules.\n"}
,{"stream_name":"stderr","time":8.513867139,"data":"0.00s - Note: Debugging will proceed. Set PYDEVD_DISABLE_FILE_VALIDATION=1 to disable this validation.\n"}
,{"stream_name":"stdout","time":9.644761124,"data":"CUDA_VISIBLE_DEVICES = 0\n"}
,{"stream_name":"stdout","time":11.190041964,"data":"Found existing installation: torchao 0.10.0\r\n"}
,{"stream_name":"stdout","time":11.291483185,"data":"Uninstalling torchao-0.10.0:\r\n"}
,{"stream_name":"stdout","time":11.647007792,"data":"  Successfully uninstalled torchao-0.10.0\r\n"}
,{"stream_name":"stdout","time":13.74734659,"data":"Collecting transformers==4.46.3\r\n"}
,{"stream_name":"stdout","time":13.848733679,"data":"  Downloading transformers-4.46.3-py3-none-any.whl.metadata (44 kB)\r\n"}
,{"stream_name":"stdout","time":13.848756647,"data":"\u001b[?25l     \u001b[90m━━━━━━━━━━━━━━━━━━━━━━━━━━━━━━━━━━━━━━━━\u001b[0m \u001b[32m0.0/44.1 kB\u001b[0m \u001b[31m?\u001b[0m eta \u001b[36m-:--:--\u001b[0m\r\u001b[2K     \u001b[90m━━━━━━━━━━━━━━━━━━━━━━━━━━━━━━━━━━━━━━━━\u001b[0m \u001b[32m44.1/44.1 kB\u001b[0m \u001b[31m1.3 MB/s\u001b[0m eta \u001b[36m0:00:00\u001b[0m\r\n"}
,{"stream_name":"stdout","time":14.00170685,"data":"\u001b[?25hCollecting peft==0.13.2\r\n"}
,{"stream_name":"stdout","time":14.052379026,"data":"  Downloading peft-0.13.2-py3-none-any.whl.metadata (13 kB)\r\n"}
,{"stream_name":"stdout","time":14.407439433,"data":"Collecting tokenizers==0.20.3\r\n"}
,{"stream_name":"stdout","time":14.457831659,"data":"  Downloading tokenizers-0.20.3-cp312-cp312-manylinux_2_17_x86_64.manylinux2014_x86_64.whl.metadata (6.7 kB)\r\n"}
,{"stream_name":"stdout","time":14.610151854,"data":"Collecting huggingface-hub==0.26.5\r\n"}
,{"stream_name":"stdout","time":14.660753215,"data":"  Downloading huggingface_hub-0.26.5-py3-none-any.whl.metadata (13 kB)\r\n"}
,{"stream_name":"stdout","time":14.711919672,"data":"Downloading transformers-4.46.3-py3-none-any.whl (10.0 MB)\r\n"}
,{"stream_name":"stdout","time":14.864284943,"data":"\u001b[?25l   \u001b[90m━━━━━━━━━━━━━━━━━━━━━━━━━━━━━━━━━━━━━━━━\u001b[0m \u001b[32m0.0/10.0 MB\u001b[0m \u001b[31m?\u001b[0m eta \u001b[36m-:--:--\u001b[0m\r\u001b[2K   \u001b[91m━\u001b[0m\u001b[90m╺\u001b[0m\u001b[90m━━━━━━━━━━━━━━━━━━━━━━━━━━━━━━━━━━━━━━\u001b[0m \u001b[32m0.3/10.0 MB\u001b[0m \u001b[31m9.4 MB/s\u001b[0m eta \u001b[36m0:00:02\u001b[0m\r\u001b[2K   \u001b[91m━━━━━━\u001b[0m\u001b[91m╸\u001b[0m\u001b[90m━━━━━━━━━━━━━━━━━━━━━━━━━━━━━━━━━\u001b[0m \u001b[32m1.6/10.0 MB\u001b[0m \u001b[31m24.1 MB/s\u001b[0m eta \u001b[36m0:00:01\u001b[0m\r\u001b[2K   \u001b[91m━━━━━━━━━━━━━━━━━━━━━━━━\u001b[0m\u001b[91m╸\u001b[0m\u001b[90m━━━━━━━━━━━━━━━\u001b[0m \u001b[32m6.2/10.0 MB\u001b[0m \u001b[31m60.1 MB/s\u001b[0m eta \u001b[36m0:00:01\u001b[0m\r\u001b[2K   \u001b[91m━━━━━━━━━━━━━━━━━━━━━━━━━━━━━━━━━━━━━━━\u001b[0m\u001b[91m╸\u001b[0m \u001b[32m10.0/10.0 MB\u001b[0m \u001b[31m82.5 MB/s\u001b[0m eta \u001b[36m0:00:01\u001b[0m\r\u001b[2K   \u001b[90m━━━━━━━━━━━━━━━━━━━━━━━━━━━━━━━━━━━━━━━━\u001b[0m \u001b[32m10.0/10.0 MB\u001b[0m \u001b[31m58.8 MB/s\u001b[0m eta \u001b[36m0:00:00\u001b[0m\r\n"}
,{"stream_name":"stdout","time":14.915636267,"data":"\u001b[?25hDownloading peft-0.13.2-py3-none-any.whl (320 kB)\r\n"}
,{"stream_name":"stdout","time":14.915669348,"data":"\u001b[?25l   \u001b[90m━━━━━━━━━━━━━━━━━━━━━━━━━━━━━━━━━━━━━━━━\u001b[0m \u001b[32m0.0/320.7 kB\u001b[0m \u001b[31m?\u001b[0m eta \u001b[36m-:--:--\u001b[0m\r\u001b[2K   \u001b[90m━━━━━━━━━━━━━━━━━━━━━━━━━━━━━━━━━━━━━━━━\u001b[0m \u001b[32m320.7/320.7 kB\u001b[0m \u001b[31m19.3 MB/s\u001b[0m eta \u001b[36m0:00:00\u001b[0m\r\n"}
,{"stream_name":"stdout","time":14.915710268,"data":"\u001b[?25hDownloading tokenizers-0.20.3-cp312-cp312-manylinux_2_17_x86_64.manylinux2014_x86_64.whl (3.0 MB)\r\n"}
,{"stream_name":"stdout","time":14.966512173,"data":"\u001b[?25l   \u001b[90m━━━━━━━━━━━━━━━━━━━━━━━━━━━━━━━━━━━━━━━━\u001b[0m \u001b[32m0.0/3.0 MB\u001b[0m \u001b[31m?\u001b[0m eta \u001b[36m-:--:--\u001b[0m\r\u001b[2K   \u001b[91m━━━━━━━━━━━━━━━━━━━━━━━━━━━━━━━━━━━━━━━\u001b[0m\u001b[91m╸\u001b[0m \u001b[32m3.0/3.0 MB\u001b[0m \u001b[31m209.8 MB/s\u001b[0m eta \u001b[36m0:00:01\u001b[0m\r\u001b[2K   \u001b[90m━━━━━━━━━━━━━━━━━━━━━━━━━━━━━━━━━━━━━━━━\u001b[0m \u001b[32m3.0/3.0 MB\u001b[0m \u001b[31m83.4 MB/s\u001b[0m eta \u001b[36m0:00:00\u001b[0m\r\n"}
,{"stream_name":"stdout","time":15.017758982,"data":"\u001b[?25hDownloading huggingface_hub-0.26.5-py3-none-any.whl (447 kB)\r\n"}
,{"stream_name":"stdout","time":15.01778679,"data":"\u001b[?25l   \u001b[90m━━━━━━━━━━━━━━━━━━━━━━━━━━━━━━━━━━━━━━━━\u001b[0m \u001b[32m0.0/447.8 kB\u001b[0m \u001b[31m?\u001b[0m eta \u001b[36m-:--:--\u001b[0m\r\u001b[2K   \u001b[90m━━━━━━━━━━━━━━━━━━━━━━━━━━━━━━━━━━━━━━━━\u001b[0m \u001b[32m447.8/447.8 kB\u001b[0m \u001b[31m31.4 MB/s\u001b[0m eta \u001b[36m0:00:00\u001b[0m\r\n"}
,{"stream_name":"stdout","time":15.068590171,"data":"\u001b[?25hInstalling collected packages: transformers, tokenizers, peft, huggingface-hub\r\n"}
,{"stream_name":"stdout","time":15.068634406,"data":"  Attempting uninstall: transformers\r\n"}
,{"stream_name":"stdout","time":15.373205077,"data":"    Found existing installation: transformers 5.0.0\r\n"}
,{"stream_name":"stdout","time":15.778597284,"data":"    Uninstalling transformers-5.0.0:\r\n"}
,{"stream_name":"stdout","time":17.75475693,"data":"      Successfully uninstalled transformers-5.0.0\r\n"}
,{"stream_name":"stdout","time":24.403608347,"data":"  Attempting uninstall: tokenizers\r\n"}
,{"stream_name":"stdout","time":24.657843613,"data":"    Found existing installation: tokenizers 0.22.2\r\n"}
,{"stream_name":"stdout","time":24.657887393,"data":"    Uninstalling tokenizers-0.22.2:\r\n"}
,{"stream_name":"stdout","time":24.708673458,"data":"      Successfully uninstalled tokenizers-0.22.2\r\n"}
,{"stream_name":"stdout","time":24.810620054,"data":"  Attempting uninstall: peft\r\n"}
,{"stream_name":"stdout","time":25.064504106,"data":"    Found existing installation: peft 0.19.1\r\n"}
,{"stream_name":"stdout","time":25.115260019,"data":"    Uninstalling peft-0.19.1:\r\n"}
,{"stream_name":"stdout","time":25.318914772,"data":"      Successfully uninstalled peft-0.19.1\r\n"}
,{"stream_name":"stdout","time":25.521910196,"data":"  Attempting uninstall: huggingface-hub\r\n"}
,{"stream_name":"stdout","time":25.725109501,"data":"    Found existing installation: huggingface_hub 1.11.0\r\n"}
,{"stream_name":"stdout","time":25.775902036,"data":"    Uninstalling huggingface_hub-1.11.0:\r\n"}
,{"stream_name":"stdout","time":25.928089002,"data":"      Successfully uninstalled huggingface_hub-1.11.0\r\n"}
,{"stream_name":"stdout","time":26.181567589,"data":"Successfully installed huggingface-hub-0.26.5 peft-0.13.2 tokenizers-0.20.3 transformers-4.46.3\r\n"}
,{"stream_name":"stdout","time":58.789251054,"data":"python        : 3.12.13 (main, Mar  4 2026, 09:23:07) [GCC 11.4.0]\n"}
,{"stream_name":"stdout","time":58.789303241,"data":"torch         : 2.10.0+cu128\n"}
,{"stream_name":"stdout","time":58.789310822,"data":"transformers  : 4.46.3\n"}
,{"stream_name":"stdout","time":58.789316667,"data":"peft          : 0.13.2\n"}
,{"stream_name":"stdout","time":58.78932222,"data":"cuda available: True\n"}
,{"stream_name":"stdout","time":58.789327464,"data":"gpu count     : 1\n"}
,{"stream_name":"stdout","time":58.789332214,"data":"gpu name      : Tesla T4\n"}
,{"stream_name":"stdout","time":60.771309862,"data":"GPU tersedia: True\n"}
,{"stream_name":"stdout","time":60.974633486,"data":"Isi /kaggle/input:\n"}
,{"stream_name":"stdout","time":60.974669647,"data":"   /kaggle/input/datasets/emanuelembuaijdak/thesis-indobert-processed-data/data_preprocessed_with_emoticon.csv\n"}
,{"stream_name":"stdout","time":60.974675527,"data":"   /kaggle/input/datasets/emanuelembuaijdak/thesis-indobert-processed-data/split_data.pkl\n"}
,{"stream_name":"stdout","time":60.974680424,"data":"CSV ditemukan di: /kaggle/input/datasets/emanuelembuaijdak/thesis-indobert-processed-data/data_preprocessed_with_emoticon.csv\n"}
,{"stream_name":"stdout","time":61.16464494,"data":"Kolom BERT terpilih: text_bert\n"}
,{"stream_name":"stdout","time":61.16467771,"data":"Train set: 6918 | Test set: 1730\n"}
,{"stream_name":"stdout","time":61.193516964,"data":"Distribusi train final:\n"}
,{"stream_name":"stdout","time":61.19354407,"data":"0    3374\n"}
,{"stream_name":"stdout","time":61.193550535,"data":"1    1087\n"}
,{"stream_name":"stdout","time":61.19355548,"data":"2    1765\n"}
,{"stream_name":"stdout","time":61.193560417,"data":"Name: count, dtype: int64\n"}
,{"stream_name":"stdout","time":61.193564871,"data":"\n"}
,{"stream_name":"stdout","time":61.19356911,"data":"Distribusi validation:\n"}
,{"stream_name":"stdout","time":61.193573627,"data":"0    375\n"}
,{"stream_name":"stdout","time":61.193580897,"data":"1    121\n"}
,{"stream_name":"stdout","time":61.193584173,"data":"2    196\n"}
,{"stream_name":"stdout","time":61.193587024,"data":"Name: count, dtype: int64\n"}
,{"stream_name":"stdout","time":61.193589908,"data":"\n"}
,{"stream_name":"stdout","time":61.193592767,"data":"Distribusi test:\n"}
,{"stream_name":"stdout","time":61.193629172,"data":"0    937\n"}
,{"stream_name":"stdout","time":61.193644842,"data":"1    302\n"}
,{"stream_name":"stdout","time":61.193648272,"data":"2    491\n"}
,{"stream_name":"stdout","time":61.193651695,"data":"Name: count, dtype: int64\n"}
,{"stream_name":"stdout","time":62.134939471,"data":"Train 6226 | Val 692 | Test 1730\n"}
,{"stream_name":"stdout","time":62.335270606,"data":"\n"}
,{"stream_name":"stdout","time":62.33530382,"data":"============================================================\n"}
,{"stream_name":"stdout","time":62.335342793,"data":"E1 | label_smoothing_factor = 0.0 | tag = baseline\n"}
,{"stream_name":"stdout","time":62.335347631,"data":"============================================================\n"}
,{"stream_name":"stderr","time":87.284733988,"data":"Some weights of BertForSequenceClassification were not initialized from the model checkpoint at indolem/indobertweet-base-uncased and are newly initialized: ['classifier.bias', 'classifier.weight']\n"}
,{"stream_name":"stderr","time":87.28477942,"data":"You should probably TRAIN this model on a down-stream task to be able to use it for predictions and inference.\n"}
,{"stream_name":"stderr","time":87.284784054,"data":"\n"}
,{"stream_name":"stderr","time":87.284806185,"data":"Some weights of BertForSequenceClassification were not initialized from the model checkpoint at indolem/indobertweet-base-uncased and are newly initialized: ['classifier.bias', 'classifier.weight']\n"}
,{"stream_name":"stderr","time":87.284811484,"data":"You should probably TRAIN this model on a down-stream task to be able to use it for predictions and inference.\n"}
,{"stream_name":"stdout","time":606.801813337,"data":"Hasil validation: {'eval_loss': 0.6263568997383118, 'eval_accuracy': 0.7586705202312138, 'eval_precision_macro': 0.7134914047906173, 'eval_recall_macro': 0.7070432338224545, 'eval_f1_macro': 0.7098820719510375, 'eval_runtime': 5.4736, 'eval_samples_per_second': 126.424, 'eval_steps_per_second': 8.039, 'epoch': 5.0}\n"}
,{"stream_name":"stdout","time":612.192384541,"data":"Distribusi prediksi val : {0: 381, 1: 111, 2: 200}\n"}
,{"stream_name":"stdout","time":612.192436794,"data":"Baseline mayoritas val  : acc=0.5419 macro_f1=0.2343\n"}
,{"stream_name":"stdout","time":612.192444657,"data":"STATUS: OK\n"}
,{"stream_name":"stdout","time":612.229560544,"data":"     tag  label_smoothing  accuracy_val  precision_macro_val  recall_macro_val  f1_macro_val status\n"}
,{"stream_name":"stdout","time":612.229592928,"data":"baseline              0.0      0.758671             0.713491          0.707043      0.709882     OK\n"}
,{"stream_name":"stdout","time":612.22964311,"data":"Tag terbaik (val macro F1): baseline\n"}
,{"stream_name":"stdout","time":612.373549742,"data":"\n"}
,{"stream_name":"stdout","time":612.373583374,"data":"============================================================\n"}
,{"stream_name":"stdout","time":612.373618922,"data":"EVALUASI TEST | baseline\n"}
,{"stream_name":"stdout","time":612.373627216,"data":"============================================================\n"}
,{"stream_name":"stdout","time":626.018874834,"data":"              precision    recall  f1-score   support\n"}
,{"stream_name":"stdout","time":626.018910494,"data":"\n"}
,{"stream_name":"stdout","time":626.018916812,"data":"     negatif       0.86      0.83      0.85       937\n"}
,{"stream_name":"stdout","time":626.01892217,"data":"      netral       0.58      0.57      0.58       302\n"}
,{"stream_name":"stdout","time":626.018927588,"data":"     positif       0.76      0.81      0.79       491\n"}
,{"stream_name":"stdout","time":626.018932633,"data":"\n"}
,{"stream_name":"stdout","time":626.018943033,"data":"    accuracy                           0.78      1730\n"}
,{"stream_name":"stdout","time":626.01895934,"data":"   macro avg       0.73      0.74      0.74      1730\n"}
,{"stream_name":"stdout","time":626.018963129,"data":"weighted avg       0.78      0.78      0.78      1730\n"}
,{"stream_name":"stdout","time":626.018966878,"data":"\n"}
,{"stream_name":"stdout","time":626.018970104,"data":"Distribusi prediksi: {0: 906, 1: 296, 2: 528}\n"}
,{"stream_name":"stdout","time":626.018973719,"data":"Distribusi aktual  : {0: 937, 1: 302, 2: 491}\n"}
,{"stream_name":"stdout","time":626.018977202,"data":"Tersimpan: hasil_e1_test_baseline.csv\n"}
,{"stream_name":"stdout","time":626.018981222,"data":"     tag  accuracy  precision_macro  recall_macro  f1_macro\n"}
,{"stream_name":"stdout","time":626.018985849,"data":"baseline  0.782659         0.734689      0.740341   0.73707\n"}
,{"stream_name":"stdout","time":626.041499365,"data":"b (baseline benar, best salah) = 0\n"}
,{"stream_name":"stdout","time":626.041525701,"data":"c (baseline salah, best benar) = 0\n"}
,{"stream_name":"stdout","time":626.041531168,"data":"p-value = 1.000000 (tidak signifikan @ 0.05)\n"}
,{"stream_name":"stdout","time":626.063853701,"data":"=== RINGKASAN E1 (validation) ===\n"}
,{"stream_name":"stdout","time":626.063875787,"data":"     tag  label_smoothing  accuracy_val  precision_macro_val  recall_macro_val  f1_macro_val status\n"}
,{"stream_name":"stdout","time":626.063883126,"data":"baseline              0.0      0.758671             0.713491          0.707043      0.709882     OK\n"}
,{"stream_name":"stdout","time":626.063888163,"data":"\n"}
,{"stream_name":"stdout","time":626.063892415,"data":"=== RINGKASAN E1 (test) ===\n"}
,{"stream_name":"stdout","time":626.063897275,"data":"     tag  accuracy  precision_macro  recall_macro  f1_macro\n"}
,{"stream_name":"stdout","time":626.063901982,"data":"baseline  0.782659         0.734689      0.740341   0.73707\n"}
,{"stream_name":"stdout","time":626.06390644,"data":"\n"}
,{"stream_name":"stdout","time":626.063910612,"data":"Tag terbaik: baseline\n"}
,{"stream_name":"stdout","time":626.063919844,"data":"Entri PASCA eksperimen diisi di docs/LOG_EKSPERIMEN.md setelah run selesai.\n"}
,{"stream_name":"stderr","time":631.625358853,"data":"/usr/local/lib/python3.12/dist-packages/mistune.py:435: SyntaxWarning: invalid escape sequence '\\|'\n"}
,{"stream_name":"stderr","time":631.625399298,"data":"  cells[i][c] = re.sub('\\\\\\\\\\|', '|', cell)\n"}
,{"stream_name":"stderr","time":631.811152793,"data":"/usr/local/lib/python3.12/dist-packages/nbconvert/filters/filter_links.py:36: SyntaxWarning: invalid escape sequence '\\_'\n"}
,{"stream_name":"stderr","time":631.81119494,"data":"  text = re.sub(r'_', '\\_', text) # Escape underscores in display text\n"}
,{"stream_name":"stderr","time":632.463402585,"data":"[NbConvertApp] Converting notebook __notebook__.ipynb to notebook\n"}
,{"stream_name":"stderr","time":632.810687541,"data":"[NbConvertApp] Writing 114304 bytes to __notebook__.ipynb\n"}
,{"stream_name":"stderr","time":635.272292535,"data":"[NbConvertApp] Converting notebook __notebook__.ipynb to html\n"}
,{"stream_name":"stderr","time":636.159831872,"data":"[NbConvertApp] Writing 416354 bytes to __results__.html\n"}
]