[{"stream_name":"stderr","time":5.793154394,"data":"0.00s - Debugger warning: It seems that frozen modules are being used, which may\n"}
,{"stream_name":"stderr","time":5.793220351,"data":"0.00s - make the debugger miss breakpoints. Please pass -Xfrozen_modules=off\n"}
,{"stream_name":"stderr","time":5.793224722,"data":"0.00s - to python to disable frozen modules.\n"}
,{"stream_name":"stderr","time":5.7932273930000004,"data":"0.00s - Note: Debugging will proceed. Set PYDEVD_DISABLE_FILE_VALIDATION=1 to disable this validation.\n"}
,{"stream_name":"stderr","time":6.348104533,"data":"0.00s - Debugger warning: It seems that frozen modules are being used, which may\n"}
,{"stream_name":"stderr","time":6.348138581,"data":"0.00s - make the debugger miss breakpoints. Please pass -Xfrozen_modules=off\n"}
,{"stream_name":"stderr","time":6.348144028,"data":"0.00s - to python to disable frozen modules.\n"}
,{"stream_name":"stderr","time":6.348147687,"data":"0.00s - Note: Debugging will proceed. Set PYDEVD_DISABLE_FILE_VALIDATION=1 to disable this validation.\n"}
,{"stream_name":"stdout","time":8.421269731,"data":"Found existing installation: torchao 0.10.0\r\n"}
,{"stream_name":"stdout","time":8.522369225,"data":"Uninstalling torchao-0.10.0:\r\n"}
,{"stream_name":"stdout","time":8.774808306,"data":"  Successfully uninstalled torchao-0.10.0\r\n"}
,{"stream_name":"stdout","time":10.457110809,"data":"Collecting transformers==4.46.3\r\n"}
,{"stream_name":"stdout","time":10.558362018,"data":"  Downloading transformers-4.46.3-py3-none-any.whl.metadata (44 kB)\r\n"}
,{"stream_name":"stdout","time":10.558389073,"data":"\u001b[?25l     \u001b[90m━━━━━━━━━━━━━━━━━━━━━━━━━━━━━━━━━━━━━━━━\u001b[0m \u001b[32m0.0/44.1 kB\u001b[0m \u001b[31m?\u001b[0m eta \u001b[36m-:--:--\u001b[0m\r\u001b[2K     \u001b[90m━━━━━━━━━━━━━━━━━━━━━━━━━━━━━━━━━━━━━━━━\u001b[0m \u001b[32m44.1/44.1 kB\u001b[0m \u001b[31m2.0 MB/s\u001b[0m eta \u001b[36m0:00:00\u001b[0m\r\n"}
,{"stream_name":"stdout","time":10.659539886,"data":"\u001b[?25hCollecting peft==0.13.2\r\n"}
,{"stream_name":"stdout","time":10.711058592,"data":"  Downloading peft-0.13.2-py3-none-any.whl.metadata (13 kB)\r\n"}
,{"stream_name":"stdout","time":11.167861493,"data":"Collecting tokenizers==0.20.3\r\n"}
,{"stream_name":"stdout","time":11.167896325,"data":"  Downloading tokenizers-0.20.3-cp312-cp312-manylinux_2_17_x86_64.manylinux2014_x86_64.whl.metadata (6.7 kB)\r\n"}
,{"stream_name":"stdout","time":11.369717424,"data":"Collecting huggingface-hub==0.26.5\r\n"}
,{"stream_name":"stdout","time":11.369741167,"data":"  Downloading huggingface_hub-0.26.5-py3-none-any.whl.metadata (13 kB)\r\n"}
,{"stream_name":"stdout","time":11.420960897,"data":"Downloading transformers-4.46.3-py3-none-any.whl (10.0 MB)\r\n"}
,{"stream_name":"stdout","time":11.573726771,"data":"\u001b[?25l   \u001b[90m━━━━━━━━━━━━━━━━━━━━━━━━━━━━━━━━━━━━━━━━\u001b[0m \u001b[32m0.0/10.0 MB\u001b[0m \u001b[31m?\u001b[0m eta \u001b[36m-:--:--\u001b[0m\r\u001b[2K   \u001b[91m━━━\u001b[0m\u001b[91m╸\u001b[0m\u001b[90m━━━━━━━━━━━━━━━━━━━━━━━━━━━━━━━━━━━━\u001b[0m \u001b[32m1.0/10.0 MB\u001b[0m \u001b[31m28.4 MB/s\u001b[0m eta \u001b[36m0:00:01\u001b[0m\r\u001b[2K   \u001b[91m━━━━━━━━━━━━━━━━━━━━━\u001b[0m\u001b[90m╺\u001b[0m\u001b[90m━━━━━━━━━━━━━━━━━━\u001b[0m \u001b[32m5.4/10.0 MB\u001b[0m \u001b[31m78.4 MB/s\u001b[0m eta \u001b[36m0:00:01\u001b[0m\r\u001b[2K   \u001b[91m━━━━━━━━━━━━━━━━━━━━━━━━━━━━━━━━━━━━━━━\u001b[0m\u001b[91m╸\u001b[0m \u001b[32m10.0/10.0 MB\u001b[0m \u001b[31m113.8 MB/s\u001b[0m eta \u001b[36m0:00:01\u001b[0m\r\u001b[2K   \u001b[90m━━━━━━━━━━━━━━━━━━━━━━━━━━━━━━━━━━━━━━━━\u001b[0m \u001b[32m10.0/10.0 MB\u001b[0m \u001b[31m73.8 MB/s\u001b[0m eta \u001b[36m0:00:00\u001b[0m\r\n"}
,{"stream_name":"stdout","time":11.573782009,"data":"\u001b[?25hDownloading peft-0.13.2-py3-none-any.whl (320 kB)\r\n"}
,{"stream_name":"stdout","time":11.573786922,"data":"\u001b[?25l   \u001b[90m━━━━━━━━━━━━━━━━━━━━━━━━━━━━━━━━━━━━━━━━\u001b[0m \u001b[32m0.0/320.7 kB\u001b[0m \u001b[31m?\u001b[0m eta \u001b[36m-:--:--\u001b[0m\r\u001b[2K   \u001b[90m━━━━━━━━━━━━━━━━━━━━━━━━━━━━━━━━━━━━━━━━\u001b[0m \u001b[32m320.7/320.7 kB\u001b[0m \u001b[31m26.2 MB/s\u001b[0m eta \u001b[36m0:00:00\u001b[0m\r\n"}
,{"stream_name":"stdout","time":11.573790855,"data":"\u001b[?25hDownloading tokenizers-0.20.3-cp312-cp312-manylinux_2_17_x86_64.manylinux2014_x86_64.whl (3.0 MB)\r\n"}
,{"stream_name":"stdout","time":11.624228014,"data":"\u001b[?25l   \u001b[90m━━━━━━━━━━━━━━━━━━━━━━━━━━━━━━━━━━━━━━━━\u001b[0m \u001b[32m0.0/3.0 MB\u001b[0m \u001b[31m?\u001b[0m eta \u001b[36m-:--:--\u001b[0m\r\u001b[2K   \u001b[90m━━━━━━━━━━━━━━━━━━━━━━━━━━━━━━━━━━━━━━━━\u001b[0m \u001b[32m3.0/3.0 MB\u001b[0m \u001b[31m97.9 MB/s\u001b[0m eta \u001b[36m0:00:00\u001b[0m\r\n"}
,{"stream_name":"stdout","time":11.624272764,"data":"\u001b[?25hDownloading huggingface_hub-0.26.5-py3-none-any.whl (447 kB)\r\n"}
,{"stream_name":"stdout","time":11.674616941,"data":"\u001b[?25l   \u001b[90m━━━━━━━━━━━━━━━━━━━━━━━━━━━━━━━━━━━━━━━━\u001b[0m \u001b[32m0.0/447.8 kB\u001b[0m \u001b[31m?\u001b[0m eta \u001b[36m-:--:--\u001b[0m\r\u001b[2K   \u001b[90m━━━━━━━━━━━━━━━━━━━━━━━━━━━━━━━━━━━━━━━━\u001b[0m \u001b[32m447.8/447.8 kB\u001b[0m \u001b[31m33.5 MB/s\u001b[0m eta \u001b[36m0:00:00\u001b[0m\r\n"}
,{"stream_name":"stdout","time":11.725494143,"data":"\u001b[?25hInstalling collected packages: transformers, tokenizers, peft, huggingface-hub\r\n"}
,{"stream_name":"stdout","time":11.725527459,"data":"  Attempting uninstall: transformers\r\n"}
,{"stream_name":"stdout","time":11.978149675000001,"data":"    Found existing installation: transformers 5.0.0\r\n"}
,{"stream_name":"stdout","time":12.281342442,"data":"    Uninstalling transformers-5.0.0:\r\n"}
,{"stream_name":"stdout","time":13.74698035,"data":"      Successfully uninstalled transformers-5.0.0\r\n"}
,{"stream_name":"stdout","time":20.013167556,"data":"  Attempting uninstall: tokenizers\r\n"}
,{"stream_name":"stdout","time":20.266293985,"data":"    Found existing installation: tokenizers 0.22.2\r\n"}
,{"stream_name":"stdout","time":20.266319906,"data":"    Uninstalling tokenizers-0.22.2:\r\n"}
,{"stream_name":"stdout","time":20.316668228,"data":"      Successfully uninstalled tokenizers-0.22.2\r\n"}
,{"stream_name":"stdout","time":20.367543069,"data":"  Attempting uninstall: peft\r\n"}
,{"stream_name":"stdout","time":20.620284294,"data":"    Found existing installation: peft 0.19.1\r\n"}
,{"stream_name":"stdout","time":20.670757114,"data":"    Uninstalling peft-0.19.1:\r\n"}
,{"stream_name":"stdout","time":20.823310946,"data":"      Successfully uninstalled peft-0.19.1\r\n"}
,{"stream_name":"stdout","time":21.07698645,"data":"  Attempting uninstall: huggingface-hub\r\n"}
,{"stream_name":"stdout","time":21.279971497,"data":"    Found existing installation: huggingface_hub 1.11.0\r\n"}
,{"stream_name":"stdout","time":21.279995487,"data":"    Uninstalling huggingface_hub-1.11.0:\r\n"}
,{"stream_name":"stdout","time":21.38152424,"data":"      Successfully uninstalled huggingface_hub-1.11.0\r\n"}
,{"stream_name":"stdout","time":21.68580458,"data":"Successfully installed huggingface-hub-0.26.5 peft-0.13.2 tokenizers-0.20.3 transformers-4.46.3\r\n"}
,{"stream_name":"stdout","time":24.115542808,"data":"CUDA_VISIBLE_DEVICES = 0\n"}
,{"stream_name":"stdout","time":37.192788567,"data":"python : 3.12.13 (main, Mar  4 2026, 09:23:07) [GCC 11.4.0]\n"}
,{"stream_name":"stdout","time":37.192833432,"data":"tf     : 2.20.0\n"}
,{"stream_name":"stdout","time":37.192839621,"data":"gpus   : [PhysicalDevice(name='/physical_device:GPU:0', device_type='GPU')]\n"}
,{"stream_name":"stderr","time":40.949656717,"data":"Traceback (most recent call last):\n"}
,{"stream_name":"stderr","time":40.949684513,"data":"  File \"\u003cstring\u003e\", line 1, in \u003cmodule\u003e\n"}
,{"stream_name":"stderr","time":40.949692638,"data":"  File \"/usr/local/lib/python3.12/dist-packages/papermill/execute.py\", line 131, in execute_notebook\n"}
,{"stream_name":"stderr","time":40.949698503,"data":"    raise_for_execution_errors(nb, output_path)\n"}
,{"stream_name":"stderr","time":40.950765073,"data":"  File \"/usr/local/lib/python3.12/dist-packages/papermill/execute.py\", line 251, in raise_for_execution_errors\n"}
,{"stream_name":"stderr","time":40.950782488,"data":"    raise error\n"}
,{"stream_name":"stderr","time":40.950786531,"data":"papermill.exceptions.PapermillExecutionError: \n"}
,{"stream_name":"stderr","time":40.950789688,"data":"---------------------------------------------------------------------------\n"}
,{"stream_name":"stderr","time":40.95079315,"data":"Exception encountered at \"In [4]\":\n"}
,{"stream_name":"stderr","time":40.950796292,"data":"---------------------------------------------------------------------------\n"}
,{"stream_name":"stderr","time":40.950799344,"data":"NameError                                 Traceback (most recent call last)\n"}
,{"stream_name":"stderr","time":40.95080242,"data":"/tmp/ipykernel_23/380976601.py in \u003ccell line: 0\u003e()\n"}
,{"stream_name":"stderr","time":40.950806585,"data":"     21             \"batch_size\": 32,\n"}
,{"stream_name":"stderr","time":40.950823777,"data":"     22             \"patience\": 7,\n"}
,{"stream_name":"stderr","time":40.95082894,"data":"---\u003e 23             \"restore_best_weights\": true,\n"}
,{"stream_name":"stderr","time":40.950834032,"data":"     24             \"reduce_lr\": true,\n"}
,{"stream_name":"stderr","time":40.950839232999996,"data":"     25             \"class_weight\": false\n"}
,{"stream_name":"stderr","time":40.950844544,"data":"\n"}
,{"stream_name":"stderr","time":40.950848854,"data":"NameError: name 'true' is not defined\n"}
,{"stream_name":"stderr","time":40.950853201,"data":"\n"}
,{"stream_name":"stderr","time":43.097018712,"data":"/usr/local/lib/python3.12/dist-packages/mistune.py:435: SyntaxWarning: invalid escape sequence '\\|'\n"}
,{"stream_name":"stderr","time":43.097051399,"data":"  cells[i][c] = re.sub('\\\\\\\\\\|', '|', cell)\n"}
,{"stream_name":"stderr","time":43.240208788,"data":"/usr/local/lib/python3.12/dist-packages/nbconvert/filters/filter_links.py:36: SyntaxWarning: invalid escape sequence '\\_'\n"}
,{"stream_name":"stderr","time":43.240237186,"data":"  text = re.sub(r'_', '\\_', text) # Escape underscores in display text\n"}
,{"stream_name":"stderr","time":43.815369157,"data":"[NbConvertApp] Converting notebook __notebook__.ipynb to notebook\n"}
,{"stream_name":"stderr","time":44.110783535,"data":"[NbConvertApp] Writing 35911 bytes to __notebook__.ipynb\n"}
,{"stream_name":"stderr","time":46.424934819,"data":"[NbConvertApp] Converting notebook __notebook__.ipynb to html\n"}
,{"stream_name":"stderr","time":47.267132138,"data":"[NbConvertApp] Writing 373924 bytes to __results__.html\n"}
]