[{"stream_name":"stderr","time":6.23561509,"data":"0.00s - Debugger warning: It seems that frozen modules are being used, which may\n"}
,{"stream_name":"stderr","time":6.235691712,"data":"0.00s - make the debugger miss breakpoints. Please pass -Xfrozen_modules=off\n"}
,{"stream_name":"stderr","time":6.235697463,"data":"0.00s - to python to disable frozen modules.\n"}
,{"stream_name":"stderr","time":6.235701158,"data":"0.00s - Note: Debugging will proceed. Set PYDEVD_DISABLE_FILE_VALIDATION=1 to disable this validation.\n"}
,{"stream_name":"stderr","time":6.789992593,"data":"0.00s - Debugger warning: It seems that frozen modules are being used, which may\n"}
,{"stream_name":"stderr","time":6.790021928,"data":"0.00s - make the debugger miss breakpoints. Please pass -Xfrozen_modules=off\n"}
,{"stream_name":"stderr","time":6.790026962,"data":"0.00s - to python to disable frozen modules.\n"}
,{"stream_name":"stderr","time":6.790030506,"data":"0.00s - Note: Debugging will proceed. Set PYDEVD_DISABLE_FILE_VALIDATION=1 to disable this validation.\n"}
,{"stream_name":"stderr","time":27.455534341,"data":"Traceback (most recent call last):\n"}
,{"stream_name":"stderr","time":27.455576448,"data":"  File \"\u003cstring\u003e\", line 1, in \u003cmodule\u003e\n"}
,{"stream_name":"stderr","time":27.455583588,"data":"  File \"/usr/local/lib/python3.12/dist-packages/papermill/execute.py\", line 131, in execute_notebook\n"}
,{"stream_name":"stderr","time":27.455713483,"data":"    raise_for_execution_errors(nb, output_path)\n"}
,{"stream_name":"stderr","time":27.455833631,"data":"  File \"/usr/local/lib/python3.12/dist-packages/papermill/execute.py\", line 251, in raise_for_execution_errors\n"}
,{"stream_name":"stderr","time":27.456134693,"data":"    raise error\n"}
,{"stream_name":"stderr","time":27.456463762,"data":"papermill.exceptions.PapermillExecutionError: \n"}
,{"stream_name":"stderr","time":27.456473161,"data":"---------------------------------------------------------------------------\n"}
,{"stream_name":"stderr","time":27.456477102,"data":"Exception encountered at \"In [2]\":\n"}
,{"stream_name":"stderr","time":27.456482407,"data":"---------------------------------------------------------------------------\n"}
,{"stream_name":"stderr","time":27.456485999,"data":"FileNotFoundError                         Traceback (most recent call last)\n"}
,{"stream_name":"stderr","time":27.45649135,"data":"/tmp/ipykernel_23/2359718807.py in \u003ccell line: 0\u003e()\n"}
,{"stream_name":"stderr","time":27.456495618,"data":"      4 # 1. Path dataset input di Kaggle\n"}
,{"stream_name":"stderr","time":27.456499432,"data":"      5 DATASET_DIR = \"/kaggle/input/thesis-indobert-processed-data\"\n"}
,{"stream_name":"stderr","time":27.456503641,"data":"----\u003e 6 df = pd.read_csv(f\"{DATASET_DIR}/data_preprocessed_with_emoticon.csv\")\n"}
,{"stream_name":"stderr","time":27.456508511,"data":"      7 \n"}
,{"stream_name":"stderr","time":27.45651224,"data":"      8 # 2. Deteksi kolom teks \u0026 label\n"}
,{"stream_name":"stderr","time":27.456516282,"data":"\n"}
,{"stream_name":"stderr","time":27.456521859,"data":"/usr/local/lib/python3.12/dist-packages/pandas/io/parsers/readers.py in read_csv(filepath_or_buffer, sep, delimiter, header, names, index_col, usecols, dtype, engine, converters, true_values, false_values, skipinitialspace, skiprows, skipfooter, nrows, na_values, keep_default_na, na_filter, verbose, skip_blank_lines, parse_dates, infer_datetime_format, keep_date_col, date_parser, date_format, dayfirst, cache_dates, iterator, chunksize, compression, thousands, decimal, lineterminator, quotechar, quoting, doublequote, escapechar, comment, encoding, encoding_errors, dialect, on_bad_lines, delim_whitespace, low_memory, memory_map, float_precision, storage_options, dtype_backend)\n"}
,{"stream_name":"stderr","time":27.456541273,"data":"   1024     kwds.update(kwds_defaults)\n"}
,{"stream_name":"stderr","time":27.456544942,"data":"   1025 \n"}
,{"stream_name":"stderr","time":27.45654815,"data":"-\u003e 1026     return _read(filepath_or_buffer, kwds)\n"}
,{"stream_name":"stderr","time":27.456551585,"data":"   1027 \n"}
,{"stream_name":"stderr","time":27.456554823,"data":"   1028 \n"}
,{"stream_name":"stderr","time":27.456558016,"data":"\n"}
,{"stream_name":"stderr","time":27.456561462,"data":"/usr/local/lib/python3.12/dist-packages/pandas/io/parsers/readers.py in _read(filepath_or_buffer, kwds)\n"}
,{"stream_name":"stderr","time":27.456564989,"data":"    618 \n"}
,{"stream_name":"stderr","time":27.456568281,"data":"    619     # Create the parser.\n"}
,{"stream_name":"stderr","time":27.456571594,"data":"--\u003e 620     parser = TextFileReader(filepath_or_buffer, **kwds)\n"}
,{"stream_name":"stderr","time":27.456575291,"data":"    621 \n"}
,{"stream_name":"stderr","time":27.456578489,"data":"    622     if chunksize or iterator:\n"}
,{"stream_name":"stderr","time":27.456583715,"data":"\n"}
,{"stream_name":"stderr","time":27.456611699,"data":"/usr/local/lib/python3.12/dist-packages/pandas/io/parsers/readers.py in __init__(self, f, engine, **kwds)\n"}
,{"stream_name":"stderr","time":27.456616278,"data":"   1618 \n"}
,{"stream_name":"stderr","time":27.456619669,"data":"   1619         self.handles: IOHandles | None = None\n"}
,{"stream_name":"stderr","time":27.456623469,"data":"-\u003e 1620         self._engine = self._make_engine(f, self.engine)\n"}
,{"stream_name":"stderr","time":27.456627148,"data":"   1621 \n"}
,{"stream_name":"stderr","time":27.456630537,"data":"   1622     def close(self) -\u003e None:\n"}
,{"stream_name":"stderr","time":27.456634305,"data":"\n"}
,{"stream_name":"stderr","time":27.456638,"data":"/usr/local/lib/python3.12/dist-packages/pandas/io/parsers/readers.py in _make_engine(self, f, engine)\n"}
,{"stream_name":"stderr","time":27.456642967,"data":"   1878                 if \"b\" not in mode:\n"}
,{"stream_name":"stderr","time":27.456647212,"data":"   1879                     mode += \"b\"\n"}
,{"stream_name":"stderr","time":27.456651085,"data":"-\u003e 1880             self.handles = get_handle(\n"}
,{"stream_name":"stderr","time":27.456654612,"data":"   1881                 f,\n"}
,{"stream_name":"stderr","time":27.456658032,"data":"   1882                 mode,\n"}
,{"stream_name":"stderr","time":27.456661263,"data":"\n"}
,{"stream_name":"stderr","time":27.456664524,"data":"/usr/local/lib/python3.12/dist-packages/pandas/io/common.py in get_handle(path_or_buf, mode, encoding, compression, memory_map, is_text, errors, storage_options)\n"}
,{"stream_name":"stderr","time":27.45666826,"data":"    871         if ioargs.encoding and \"b\" not in ioargs.mode:\n"}
,{"stream_name":"stderr","time":27.456684143,"data":"    872             # Encoding\n"}
,{"stream_name":"stderr","time":27.456687522,"data":"--\u003e 873             handle = open(\n"}
,{"stream_name":"stderr","time":27.456690904,"data":"    874                 handle,\n"}
,{"stream_name":"stderr","time":27.456694275,"data":"    875                 ioargs.mode,\n"}
,{"stream_name":"stderr","time":27.456697658,"data":"\n"}
,{"stream_name":"stderr","time":27.45670107,"data":"FileNotFoundError: [Errno 2] No such file or directory: '/kaggle/input/thesis-indobert-processed-data/data_preprocessed_with_emoticon.csv'\n"}
,{"stream_name":"stderr","time":27.456706593,"data":"\n"}
,{"stream_name":"stderr","time":29.510586272,"data":"/usr/local/lib/python3.12/dist-packages/mistune.py:435: SyntaxWarning: invalid escape sequence '\\|'\n"}
,{"stream_name":"stderr","time":29.510646981,"data":"  cells[i][c] = re.sub('\\\\\\\\\\|', '|', cell)\n"}
,{"stream_name":"stderr","time":29.653227309000002,"data":"/usr/local/lib/python3.12/dist-packages/nbconvert/filters/filter_links.py:36: SyntaxWarning: invalid escape sequence '\\_'\n"}
,{"stream_name":"stderr","time":29.653280798,"data":"  text = re.sub(r'_', '\\_', text) # Escape underscores in display text\n"}
,{"stream_name":"stderr","time":30.221136396,"data":"[NbConvertApp] Converting notebook __notebook__.ipynb to notebook\n"}
,{"stream_name":"stderr","time":30.57808284,"data":"[NbConvertApp] Writing 382057 bytes to __notebook__.ipynb\n"}
,{"stream_name":"stderr","time":32.901765322,"data":"[NbConvertApp] Converting notebook __notebook__.ipynb to html\n"}
,{"stream_name":"stderr","time":33.771340216,"data":"[NbConvertApp] Writing 609102 bytes to __results__.html\n"}
]