[{"stream_name":"stderr","time":6.313071593,"data":"0.00s - Debugger warning: It seems that frozen modules are being used, which may\n"}
,{"stream_name":"stderr","time":6.313681653,"data":"0.00s - make the debugger miss breakpoints. Please pass -Xfrozen_modules=off\n"}
,{"stream_name":"stderr","time":6.313701096,"data":"0.00s - to python to disable frozen modules.\n"}
,{"stream_name":"stderr","time":6.313705747,"data":"0.00s - Note: Debugging will proceed. Set PYDEVD_DISABLE_FILE_VALIDATION=1 to disable this validation.\n"}
,{"stream_name":"stderr","time":6.8885704180000005,"data":"0.00s - Debugger warning: It seems that frozen modules are being used, which may\n"}
,{"stream_name":"stderr","time":6.88860357,"data":"0.00s - make the debugger miss breakpoints. Please pass -Xfrozen_modules=off\n"}
,{"stream_name":"stderr","time":6.888607107,"data":"0.00s - to python to disable frozen modules.\n"}
,{"stream_name":"stderr","time":6.888609607,"data":"0.00s - Note: Debugging will proceed. Set PYDEVD_DISABLE_FILE_VALIDATION=1 to disable this validation.\n"}
,{"stream_name":"stdout","time":23.604206566,"data":"Fallback ke CSV...\n"}
,{"stream_name":"stderr","time":26.551520298,"data":"Traceback (most recent call last):\n"}
,{"stream_name":"stderr","time":26.551550259,"data":"  File \"\u003cstring\u003e\", line 1, in \u003cmodule\u003e\n"}
,{"stream_name":"stderr","time":26.551633879,"data":"  File \"/usr/local/lib/python3.12/dist-packages/papermill/execute.py\", line 131, in execute_notebook\n"}
,{"stream_name":"stderr","time":26.551645021,"data":"    raise_for_execution_errors(nb, output_path)\n"}
,{"stream_name":"stderr","time":26.551731721,"data":"  File \"/usr/local/lib/python3.12/dist-packages/papermill/execute.py\", line 251, in raise_for_execution_errors\n"}
,{"stream_name":"stderr","time":26.551907966999998,"data":"    raise error\n"}
,{"stream_name":"stderr","time":26.552194942,"data":"papermill.exceptions.PapermillExecutionError: \n"}
,{"stream_name":"stderr","time":26.552206887,"data":"---------------------------------------------------------------------------\n"}
,{"stream_name":"stderr","time":26.552212599,"data":"Exception encountered at \"In [2]\":\n"}
,{"stream_name":"stderr","time":26.552218741,"data":"---------------------------------------------------------------------------\n"}
,{"stream_name":"stderr","time":26.552223587,"data":"FileNotFoundError                         Traceback (most recent call last)\n"}
,{"stream_name":"stderr","time":26.552228594,"data":"/tmp/ipykernel_23/1136344764.py in \u003ccell line: 0\u003e()\n"}
,{"stream_name":"stderr","time":26.552233407,"data":"     31     print('Fallback ke CSV...')\n"}
,{"stream_name":"stderr","time":26.552237682,"data":"     32     csv_path = DATASET_DIR / 'data_preprocessed_with_emoticon.csv'\n"}
,{"stream_name":"stderr","time":26.552242026000002,"data":"---\u003e 33     df = pd.read_csv(csv_path)\n"}
,{"stream_name":"stderr","time":26.552246442,"data":"     34     col_lstm = 'cleaning_text' if 'cleaning_text' in df.columns else df.columns[0]\n"}
,{"stream_name":"stderr","time":26.552250931,"data":"     35     col_label = 'label' if 'label' in df.columns else df.columns[-1]\n"}
,{"stream_name":"stderr","time":26.552255614,"data":"\n"}
,{"stream_name":"stderr","time":26.552260376,"data":"/usr/local/lib/python3.12/dist-packages/pandas/io/parsers/readers.py in read_csv(filepath_or_buffer, sep, delimiter, header, names, index_col, usecols, dtype, engine, converters, true_values, false_values, skipinitialspace, skiprows, skipfooter, nrows, na_values, keep_default_na, na_filter, verbose, skip_blank_lines, parse_dates, infer_datetime_format, keep_date_col, date_parser, date_format, dayfirst, cache_dates, iterator, chunksize, compression, thousands, decimal, lineterminator, quotechar, quoting, doublequote, escapechar, comment, encoding, encoding_errors, dialect, on_bad_lines, delim_whitespace, low_memory, memory_map, float_precision, storage_options, dtype_backend)\n"}
,{"stream_name":"stderr","time":26.552282747,"data":"   1024     kwds.update(kwds_defaults)\n"}
,{"stream_name":"stderr","time":26.552290374000002,"data":"   1025 \n"}
,{"stream_name":"stderr","time":26.552292771,"data":"-\u003e 1026     return _read(filepath_or_buffer, kwds)\n"}
,{"stream_name":"stderr","time":26.55229516,"data":"   1027 \n"}
,{"stream_name":"stderr","time":26.552297359,"data":"   1028 \n"}
,{"stream_name":"stderr","time":26.552299477,"data":"\n"}
,{"stream_name":"stderr","time":26.552301767,"data":"/usr/local/lib/python3.12/dist-packages/pandas/io/parsers/readers.py in _read(filepath_or_buffer, kwds)\n"}
,{"stream_name":"stderr","time":26.552304136,"data":"    618 \n"}
,{"stream_name":"stderr","time":26.552306311,"data":"    619     # Create the parser.\n"}
,{"stream_name":"stderr","time":26.552308507,"data":"--\u003e 620     parser = TextFileReader(filepath_or_buffer, **kwds)\n"}
,{"stream_name":"stderr","time":26.552310792,"data":"    621 \n"}
,{"stream_name":"stderr","time":26.552312904,"data":"    622     if chunksize or iterator:\n"}
,{"stream_name":"stderr","time":26.55231541,"data":"\n"}
,{"stream_name":"stderr","time":26.552317541,"data":"/usr/local/lib/python3.12/dist-packages/pandas/io/parsers/readers.py in __init__(self, f, engine, **kwds)\n"}
,{"stream_name":"stderr","time":26.552319887,"data":"   1618 \n"}
,{"stream_name":"stderr","time":26.552321992,"data":"   1619         self.handles: IOHandles | None = None\n"}
,{"stream_name":"stderr","time":26.552324307,"data":"-\u003e 1620         self._engine = self._make_engine(f, self.engine)\n"}
,{"stream_name":"stderr","time":26.552326586,"data":"   1621 \n"}
,{"stream_name":"stderr","time":26.552328732,"data":"   1622     def close(self) -\u003e None:\n"}
,{"stream_name":"stderr","time":26.552331018,"data":"\n"}
,{"stream_name":"stderr","time":26.552333727,"data":"/usr/local/lib/python3.12/dist-packages/pandas/io/parsers/readers.py in _make_engine(self, f, engine)\n"}
,{"stream_name":"stderr","time":26.552336072,"data":"   1878                 if \"b\" not in mode:\n"}
,{"stream_name":"stderr","time":26.552338435,"data":"   1879                     mode += \"b\"\n"}
,{"stream_name":"stderr","time":26.552340779,"data":"-\u003e 1880             self.handles = get_handle(\n"}
,{"stream_name":"stderr","time":26.55234309,"data":"   1881                 f,\n"}
,{"stream_name":"stderr","time":26.552353116,"data":"   1882                 mode,\n"}
,{"stream_name":"stderr","time":26.552355361,"data":"\n"}
,{"stream_name":"stderr","time":26.55235751,"data":"/usr/local/lib/python3.12/dist-packages/pandas/io/common.py in get_handle(path_or_buf, mode, encoding, compression, memory_map, is_text, errors, storage_options)\n"}
,{"stream_name":"stderr","time":26.552359896,"data":"    871         if ioargs.encoding and \"b\" not in ioargs.mode:\n"}
,{"stream_name":"stderr","time":26.552362214,"data":"    872             # Encoding\n"}
,{"stream_name":"stderr","time":26.552364448,"data":"--\u003e 873             handle = open(\n"}
,{"stream_name":"stderr","time":26.552366708,"data":"    874                 handle,\n"}
,{"stream_name":"stderr","time":26.55236889,"data":"    875                 ioargs.mode,\n"}
,{"stream_name":"stderr","time":26.552371129,"data":"\n"}
,{"stream_name":"stderr","time":26.552373287,"data":"FileNotFoundError: [Errno 2] No such file or directory: '/kaggle/input/thesis-indobert-processed-data/data_preprocessed_with_emoticon.csv'\n"}
,{"stream_name":"stderr","time":26.552384741,"data":"\n"}
,{"stream_name":"stderr","time":28.632650671,"data":"/usr/local/lib/python3.12/dist-packages/mistune.py:435: SyntaxWarning: invalid escape sequence '\\|'\n"}
,{"stream_name":"stderr","time":28.632684217,"data":"  cells[i][c] = re.sub('\\\\\\\\\\|', '|', cell)\n"}
,{"stream_name":"stderr","time":28.769701651,"data":"/usr/local/lib/python3.12/dist-packages/nbconvert/filters/filter_links.py:36: SyntaxWarning: invalid escape sequence '\\_'\n"}
,{"stream_name":"stderr","time":28.769724786,"data":"  text = re.sub(r'_', '\\_', text) # Escape underscores in display text\n"}
,{"stream_name":"stderr","time":29.343003039,"data":"[NbConvertApp] Converting notebook __notebook__.ipynb to notebook\n"}
,{"stream_name":"stderr","time":29.707570667,"data":"[NbConvertApp] Writing 387981 bytes to __notebook__.ipynb\n"}
,{"stream_name":"stderr","time":32.080303585,"data":"[NbConvertApp] Converting notebook __notebook__.ipynb to html\n"}
,{"stream_name":"stderr","time":32.942015425,"data":"[NbConvertApp] Writing 631924 bytes to __results__.html\n"}
]