[{"stream_name":"stderr","time":8.915230651,"data":"/usr/local/lib/python3.12/dist-packages/nbformat/__init__.py:96: MissingIDFieldWarning: Cell is missing an id field, this will become a hard error in future nbformat versions. You may want to use `normalize()` on your notebooks before validations (available since nbformat 5.1.4). Previous versions of nbformat are fixing this issue transparently, and will stop doing so in the future.\n"}
,{"stream_name":"stderr","time":8.915295109,"data":"  validate(nb)\n"}
,{"stream_name":"stderr","time":10.172323857,"data":"0.00s - Debugger warning: It seems that frozen modules are being used, which may\n"}
,{"stream_name":"stderr","time":10.17235995,"data":"0.00s - make the debugger miss breakpoints. Please pass -Xfrozen_modules=off\n"}
,{"stream_name":"stderr","time":10.172366208,"data":"0.00s - to python to disable frozen modules.\n"}
,{"stream_name":"stderr","time":10.172369438,"data":"0.00s - Note: Debugging will proceed. Set PYDEVD_DISABLE_FILE_VALIDATION=1 to disable this validation.\n"}
,{"stream_name":"stderr","time":11.028937746,"data":"0.00s - Debugger warning: It seems that frozen modules are being used, which may\n"}
,{"stream_name":"stderr","time":11.028980711,"data":"0.00s - make the debugger miss breakpoints. Please pass -Xfrozen_modules=off\n"}
,{"stream_name":"stderr","time":11.028986017,"data":"0.00s - to python to disable frozen modules.\n"}
,{"stream_name":"stderr","time":11.0289901,"data":"0.00s - Note: Debugging will proceed. Set PYDEVD_DISABLE_FILE_VALIDATION=1 to disable this validation.\n"}
,{"stream_name":"stdout","time":16.038231207,"data":"Current Working Directory: /kaggle/working\n"}
,{"stream_name":"stderr","time":16.814967445,"data":"Traceback (most recent call last):\n"}
,{"stream_name":"stderr","time":16.814995666,"data":"  File \"\u003cstring\u003e\", line 1, in \u003cmodule\u003e\n"}
,{"stream_name":"stderr","time":16.815003365,"data":"  File \"/usr/local/lib/python3.12/dist-packages/papermill/execute.py\", line 131, in execute_notebook\n"}
,{"stream_name":"stderr","time":16.815109207,"data":"    raise_for_execution_errors(nb, output_path)\n"}
,{"stream_name":"stderr","time":16.815134019,"data":"  File \"/usr/local/lib/python3.12/dist-packages/papermill/execute.py\", line 251, in raise_for_execution_errors\n"}
,{"stream_name":"stderr","time":16.815281062,"data":"    raise error\n"}
,{"stream_name":"stderr","time":16.815567523,"data":"papermill.exceptions.PapermillExecutionError: \n"}
,{"stream_name":"stderr","time":16.815583423,"data":"---------------------------------------------------------------------------\n"}
,{"stream_name":"stderr","time":16.815589813,"data":"Exception encountered at \"In [3]\":\n"}
,{"stream_name":"stderr","time":16.815595197,"data":"---------------------------------------------------------------------------\n"}
,{"stream_name":"stderr","time":16.815600245,"data":"FileNotFoundError                         Traceback (most recent call last)\n"}
,{"stream_name":"stderr","time":16.81560539,"data":"/tmp/ipykernel_17/71579989.py in \u003ccell line: 0\u003e()\n"}
,{"stream_name":"stderr","time":16.815610892,"data":"      4     raw_path = resolve_path('data_banjir.csv')\n"}
,{"stream_name":"stderr","time":16.815616096,"data":"      5 \n"}
,{"stream_name":"stderr","time":16.815620836,"data":"----\u003e 6 df_raw = pd.read_csv(raw_path)\n"}
,{"stream_name":"stderr","time":16.815625539,"data":"      7 print(f'Total data mentah: {len(df_raw):,} baris dari {raw_path}')\n"}
,{"stream_name":"stderr","time":16.815631032,"data":"      8 print('Kolom tersedia:', list(df_raw.columns))\n"}
,{"stream_name":"stderr","time":16.815635815,"data":"\n"}
,{"stream_name":"stderr","time":16.81564542,"data":"/usr/local/lib/python3.12/dist-packages/pandas/io/parsers/readers.py in read_csv(filepath_or_buffer, sep, delimiter, header, names, index_col, usecols, dtype, engine, converters, true_values, false_values, skipinitialspace, skiprows, skipfooter, nrows, na_values, keep_default_na, na_filter, verbose, skip_blank_lines, parse_dates, infer_datetime_format, keep_date_col, date_parser, date_format, dayfirst, cache_dates, iterator, chunksize, compression, thousands, decimal, lineterminator, quotechar, quoting, doublequote, escapechar, comment, encoding, encoding_errors, dialect, on_bad_lines, delim_whitespace, low_memory, memory_map, float_precision, storage_options, dtype_backend)\n"}
,{"stream_name":"stderr","time":16.815677947,"data":"   1024     kwds.update(kwds_defaults)\n"}
,{"stream_name":"stderr","time":16.815683232,"data":"   1025 \n"}
,{"stream_name":"stderr","time":16.815686939,"data":"-\u003e 1026     return _read(filepath_or_buffer, kwds)\n"}
,{"stream_name":"stderr","time":16.81569101,"data":"   1027 \n"}
,{"stream_name":"stderr","time":16.815694722,"data":"   1028 \n"}
,{"stream_name":"stderr","time":16.815698403,"data":"\n"}
,{"stream_name":"stderr","time":16.815701998,"data":"/usr/local/lib/python3.12/dist-packages/pandas/io/parsers/readers.py in _read(filepath_or_buffer, kwds)\n"}
,{"stream_name":"stderr","time":16.815705927,"data":"    618 \n"}
,{"stream_name":"stderr","time":16.8157097,"data":"    619     # Create the parser.\n"}
,{"stream_name":"stderr","time":16.815713359,"data":"--\u003e 620     parser = TextFileReader(filepath_or_buffer, **kwds)\n"}
,{"stream_name":"stderr","time":16.815717286,"data":"    621 \n"}
,{"stream_name":"stderr","time":16.815720798,"data":"    622     if chunksize or iterator:\n"}
,{"stream_name":"stderr","time":16.815724478,"data":"\n"}
,{"stream_name":"stderr","time":16.815728252,"data":"/usr/local/lib/python3.12/dist-packages/pandas/io/parsers/readers.py in __init__(self, f, engine, **kwds)\n"}
,{"stream_name":"stderr","time":16.81573236,"data":"   1618 \n"}
,{"stream_name":"stderr","time":16.815736499,"data":"   1619         self.handles: IOHandles | None = None\n"}
,{"stream_name":"stderr","time":16.815740385,"data":"-\u003e 1620         self._engine = self._make_engine(f, self.engine)\n"}
,{"stream_name":"stderr","time":16.815744349,"data":"   1621 \n"}
,{"stream_name":"stderr","time":16.815748019,"data":"   1622     def close(self) -\u003e None:\n"}
,{"stream_name":"stderr","time":16.815751566,"data":"\n"}
,{"stream_name":"stderr","time":16.815755564,"data":"/usr/local/lib/python3.12/dist-packages/pandas/io/parsers/readers.py in _make_engine(self, f, engine)\n"}
,{"stream_name":"stderr","time":16.815759939,"data":"   1878                 if \"b\" not in mode:\n"}
,{"stream_name":"stderr","time":16.815763985,"data":"   1879                     mode += \"b\"\n"}
,{"stream_name":"stderr","time":16.815767826,"data":"-\u003e 1880             self.handles = get_handle(\n"}
,{"stream_name":"stderr","time":16.815771446,"data":"   1881                 f,\n"}
,{"stream_name":"stderr","time":16.81577482,"data":"   1882                 mode,\n"}
,{"stream_name":"stderr","time":16.815778172999998,"data":"\n"}
,{"stream_name":"stderr","time":16.815781583,"data":"/usr/local/lib/python3.12/dist-packages/pandas/io/common.py in get_handle(path_or_buf, mode, encoding, compression, memory_map, is_text, errors, storage_options)\n"}
,{"stream_name":"stderr","time":16.815785059,"data":"    871         if ioargs.encoding and \"b\" not in ioargs.mode:\n"}
,{"stream_name":"stderr","time":16.815788793,"data":"    872             # Encoding\n"}
,{"stream_name":"stderr","time":16.815792572,"data":"--\u003e 873             handle = open(\n"}
,{"stream_name":"stderr","time":16.815807846,"data":"    874                 handle,\n"}
,{"stream_name":"stderr","time":16.815811662,"data":"    875                 ioargs.mode,\n"}
,{"stream_name":"stderr","time":16.815815282,"data":"\n"}
,{"stream_name":"stderr","time":16.815818793,"data":"FileNotFoundError: [Errno 2] No such file or directory: 'data_banjir.csv'\n"}
,{"stream_name":"stderr","time":16.815822315,"data":"\n"}
,{"stream_name":"stderr","time":19.535633289,"data":"/usr/local/lib/python3.12/dist-packages/mistune.py:435: SyntaxWarning: invalid escape sequence '\\|'\n"}
,{"stream_name":"stderr","time":19.535677543,"data":"  cells[i][c] = re.sub('\\\\\\\\\\|', '|', cell)\n"}
,{"stream_name":"stderr","time":19.731475939,"data":"/usr/local/lib/python3.12/dist-packages/nbconvert/filters/filter_links.py:36: SyntaxWarning: invalid escape sequence '\\_'\n"}
,{"stream_name":"stderr","time":19.7315064,"data":"  text = re.sub(r'_', '\\_', text) # Escape underscores in display text\n"}
,{"stream_name":"stderr","time":20.461232386,"data":"[NbConvertApp] Converting notebook __notebook__.ipynb to notebook\n"}
,{"stream_name":"stderr","time":20.840106451,"data":"[NbConvertApp] Writing 20462 bytes to __notebook__.ipynb\n"}
,{"stream_name":"stderr","time":23.787814223,"data":"[NbConvertApp] Converting notebook __notebook__.ipynb to html\n"}
,{"stream_name":"stderr","time":24.820399671,"data":"[NbConvertApp] Writing 309043 bytes to __results__.html\n"}
]